11:12:41 **** Build of configuration Debug for project stm32_code_for_test ****
make -j4 all 
arm-none-eabi-gcc "../Drivers/STM32F0xx_HAL_Driver/Src/stm32f0xx_hal.c" -mcpu=cortex-m0 -std=gnu11 -g3 -DDEBUG -DUSE_HAL_DRIVER -DSTM32F051x8 -c -I../Core/Inc -I../Drivers/STM32F0xx_HAL_Driver/Inc -I../Drivers/STM32F0xx_HAL_Driver/Inc/Legacy -I../Drivers/CMSIS/Device/ST/STM32F0xx/Include -I../Drivers/CMSIS/Include -O0 -ffunction-sections -fdata-sections -Wall -fstack-usage -fcyclomatic-complexity -MMD -MP -MF"Drivers/STM32F0xx_HAL_Driver/Src/stm32f0xx_hal.d" -MT"Drivers/STM32F0xx_HAL_Driver/Src/stm32f0xx_hal.o" --specs=nano.specs -mfloat-abi=soft -mthumb -o "Drivers/STM32F0xx_HAL_Driver/Src/stm32f0xx_hal.o"
arm-none-eabi-gcc "../Drivers/STM32F0xx_HAL_Driver/Src/stm32f0xx_hal_adc.c" -mcpu=cortex-m0 -std=gnu11 -g3 -DDEBUG -DUSE_HAL_DRIVER -DSTM32F051x8 -c -I../Core/Inc -I../Drivers/STM32F0xx_HAL_Driver/Inc -I../Drivers/STM32F0xx_HAL_Driver/Inc/Legacy -I../Drivers/CMSIS/Device/ST/STM32F0xx/Include -I../Drivers/CMSIS/Include -O0 -ffunction-sections -fdata-sections -Wall -fstack-usage -fcyclomatic-complexity -MMD -MP -MF"Drivers/STM32F0xx_HAL_Driver/Src/stm32f0xx_hal_adc.d" -MT"Drivers/STM32F0xx_HAL_Driver/Src/stm32f0xx_hal_adc.o" --specs=nano.specs -mfloat-abi=soft -mthumb -o "Drivers/STM32F0xx_HAL_Driver/Src/stm32f0xx_hal_adc.o"
arm-none-eabi-gcc "../Drivers/STM32F0xx_HAL_Driver/Src/stm32f0xx_hal_adc_ex.c" -mcpu=cortex-m0 -std=gnu11 -g3 -DDEBUG -DUSE_HAL_DRIVER -DSTM32F051x8 -c -I../Core/Inc -I../Drivers/STM32F0xx_HAL_Driver/Inc -I../Drivers/STM32F0xx_HAL_Driver/Inc/Legacy -I../Drivers/CMSIS/Device/ST/STM32F0xx/Include -I../Drivers/CMSIS/Include -O0 -ffunction-sections -fdata-sections -Wall -fstack-usage -fcyclomatic-complexity -MMD -MP -MF"Drivers/STM32F0xx_HAL_Driver/Src/stm32f0xx_hal_adc_ex.d" -MT"Drivers/STM32F0xx_HAL_Driver/Src/stm32f0xx_hal_adc_ex.o" --specs=nano.specs -mfloat-abi=soft -mthumb -o "Drivers/STM32F0xx_HAL_Driver/Src/stm32f0xx_hal_adc_ex.o"
arm-none-eabi-gcc "../Drivers/STM32F0xx_HAL_Driver/Src/stm32f0xx_hal_cortex.c" -mcpu=cortex-m0 -std=gnu11 -g3 -DDEBUG -DUSE_HAL_DRIVER -DSTM32F051x8 -c -I../Core/Inc -I../Drivers/STM32F0xx_HAL_Driver/Inc -I../Drivers/STM32F0xx_HAL_Driver/Inc/Legacy -I../Drivers/CMSIS/Device/ST/STM32F0xx/Include -I../Drivers/CMSIS/Include -O0 -ffunction-sections -fdata-sections -Wall -fstack-usage -fcyclomatic-complexity -MMD -MP -MF"Drivers/STM32F0xx_HAL_Driver/Src/stm32f0xx_hal_cortex.d" -MT"Drivers/STM32F0xx_HAL_Driver/Src/stm32f0xx_hal_cortex.o" --specs=nano.specs -mfloat-abi=soft -mthumb -o "Drivers/STM32F0xx_HAL_Driver/Src/stm32f0xx_hal_cortex.o"
arm-none-eabi-gcc "../Drivers/STM32F0xx_HAL_Driver/Src/stm32f0xx_hal_dma.c" -mcpu=cortex-m0 -std=gnu11 -g3 -DDEBUG -DUSE_HAL_DRIVER -DSTM32F051x8 -c -I../Core/Inc -I../Drivers/STM32F0xx_HAL_Driver/Inc -I../Drivers/STM32F0xx_HAL_Driver/Inc/Legacy -I../Drivers/CMSIS/Device/ST/STM32F0xx/Include -I../Drivers/CMSIS/Include -O0 -ffunction-sections -fdata-sections -Wall -fstack-usage -fcyclomatic-complexity -MMD -MP -MF"Drivers/STM32F0xx_HAL_Driver/Src/stm32f0xx_hal_dma.d" -MT"Drivers/STM32F0xx_HAL_Driver/Src/stm32f0xx_hal_dma.o" --specs=nano.specs -mfloat-abi=soft -mthumb -o "Drivers/STM32F0xx_HAL_Driver/Src/stm32f0xx_hal_dma.o"
arm-none-eabi-gcc "../Drivers/STM32F0xx_HAL_Driver/Src/stm32f0xx_hal_exti.c" -mcpu=cortex-m0 -std=gnu11 -g3 -DDEBUG -DUSE_HAL_DRIVER -DSTM32F051x8 -c -I../Core/Inc -I../Drivers/STM32F0xx_HAL_Driver/Inc -I../Drivers/STM32F0xx_HAL_Driver/Inc/Legacy -I../Drivers/CMSIS/Device/ST/STM32F0xx/Include -I../Drivers/CMSIS/Include -O0 -ffunction-sections -fdata-sections -Wall -fstack-usage -fcyclomatic-complexity -MMD -MP -MF"Drivers/STM32F0xx_HAL_Driver/Src/stm32f0xx_hal_exti.d" -MT"Drivers/STM32F0xx_HAL_Driver/Src/stm32f0xx_hal_exti.o" --specs=nano.specs -mfloat-abi=soft -mthumb -o "Drivers/STM32F0xx_HAL_Driver/Src/stm32f0xx_hal_exti.o"
arm-none-eabi-gcc "../Drivers/STM32F0xx_HAL_Driver/Src/stm32f0xx_hal_flash.c" -mcpu=cortex-m0 -std=gnu11 -g3 -DDEBUG -DUSE_HAL_DRIVER -DSTM32F051x8 -c -I../Core/Inc -I../Drivers/STM32F0xx_HAL_Driver/Inc -I../Drivers/STM32F0xx_HAL_Driver/Inc/Legacy -I../Drivers/CMSIS/Device/ST/STM32F0xx/Include -I../Drivers/CMSIS/Include -O0 -ffunction-sections -fdata-sections -Wall -fstack-usage -fcyclomatic-complexity -MMD -MP -MF"Drivers/STM32F0xx_HAL_Driver/Src/stm32f0xx_hal_flash.d" -MT"Drivers/STM32F0xx_HAL_Driver/Src/stm32f0xx_hal_flash.o" --specs=nano.specs -mfloat-abi=soft -mthumb -o "Drivers/STM32F0xx_HAL_Driver/Src/stm32f0xx_hal_flash.o"
arm-none-eabi-gcc "../Drivers/STM32F0xx_HAL_Driver/Src/stm32f0xx_hal_flash_ex.c" -mcpu=cortex-m0 -std=gnu11 -g3 -DDEBUG -DUSE_HAL_DRIVER -DSTM32F051x8 -c -I../Core/Inc -I../Drivers/STM32F0xx_HAL_Driver/Inc -I../Drivers/STM32F0xx_HAL_Driver/Inc/Legacy -I../Drivers/CMSIS/Device/ST/STM32F0xx/Include -I../Drivers/CMSIS/Include -O0 -ffunction-sections -fdata-sections -Wall -fstack-usage -fcyclomatic-complexity -MMD -MP -MF"Drivers/STM32F0xx_HAL_Driver/Src/stm32f0xx_hal_flash_ex.d" -MT"Drivers/STM32F0xx_HAL_Driver/Src/stm32f0xx_hal_flash_ex.o" --specs=nano.specs -mfloat-abi=soft -mthumb -o "Drivers/STM32F0xx_HAL_Driver/Src/stm32f0xx_hal_flash_ex.o"
arm-none-eabi-gcc "../Drivers/STM32F0xx_HAL_Driver/Src/stm32f0xx_hal_gpio.c" -mcpu=cortex-m0 -std=gnu11 -g3 -DDEBUG -DUSE_HAL_DRIVER -DSTM32F051x8 -c -I../Core/Inc -I../Drivers/STM32F0xx_HAL_Driver/Inc -I../Drivers/STM32F0xx_HAL_Driver/Inc/Legacy -I../Drivers/CMSIS/Device/ST/STM32F0xx/Include -I../Drivers/CMSIS/Include -O0 -ffunction-sections -fdata-sections -Wall -fstack-usage -fcyclomatic-complexity -MMD -MP -MF"Drivers/STM32F0xx_HAL_Driver/Src/stm32f0xx_hal_gpio.d" -MT"Drivers/STM32F0xx_HAL_Driver/Src/stm32f0xx_hal_gpio.o" --specs=nano.specs -mfloat-abi=soft -mthumb -o "Drivers/STM32F0xx_HAL_Driver/Src/stm32f0xx_hal_gpio.o"
arm-none-eabi-gcc "../Drivers/STM32F0xx_HAL_Driver/Src/stm32f0xx_hal_i2c.c" -mcpu=cortex-m0 -std=gnu11 -g3 -DDEBUG -DUSE_HAL_DRIVER -DSTM32F051x8 -c -I../Core/Inc -I../Drivers/STM32F0xx_HAL_Driver/Inc -I../Drivers/STM32F0xx_HAL_Driver/Inc/Legacy -I../Drivers/CMSIS/Device/ST/STM32F0xx/Include -I../Drivers/CMSIS/Include -O0 -ffunction-sections -fdata-sections -Wall -fstack-usage -fcyclomatic-complexity -MMD -MP -MF"Drivers/STM32F0xx_HAL_Driver/Src/stm32f0xx_hal_i2c.d" -MT"Drivers/STM32F0xx_HAL_Driver/Src/stm32f0xx_hal_i2c.o" --specs=nano.specs -mfloat-abi=soft -mthumb -o "Drivers/STM32F0xx_HAL_Driver/Src/stm32f0xx_hal_i2c.o"
arm-none-eabi-gcc "../Drivers/STM32F0xx_HAL_Driver/Src/stm32f0xx_hal_i2c_ex.c" -mcpu=cortex-m0 -std=gnu11 -g3 -DDEBUG -DUSE_HAL_DRIVER -DSTM32F051x8 -c -I../Core/Inc -I../Drivers/STM32F0xx_HAL_Driver/Inc -I../Drivers/STM32F0xx_HAL_Driver/Inc/Legacy -I../Drivers/CMSIS/Device/ST/STM32F0xx/Include -I../Drivers/CMSIS/Include -O0 -ffunction-sections -fdata-sections -Wall -fstack-usage -fcyclomatic-complexity -MMD -MP -MF"Drivers/STM32F0xx_HAL_Driver/Src/stm32f0xx_hal_i2c_ex.d" -MT"Drivers/STM32F0xx_HAL_Driver/Src/stm32f0xx_hal_i2c_ex.o" --specs=nano.specs -mfloat-abi=soft -mthumb -o "Drivers/STM32F0xx_HAL_Driver/Src/stm32f0xx_hal_i2c_ex.o"
arm-none-eabi-gcc "../Drivers/STM32F0xx_HAL_Driver/Src/stm32f0xx_hal_pwr.c" -mcpu=cortex-m0 -std=gnu11 -g3 -DDEBUG -DUSE_HAL_DRIVER -DSTM32F051x8 -c -I../Core/Inc -I../Drivers/STM32F0xx_HAL_Driver/Inc -I../Drivers/STM32F0xx_HAL_Driver/Inc/Legacy -I../Drivers/CMSIS/Device/ST/STM32F0xx/Include -I../Drivers/CMSIS/Include -O0 -ffunction-sections -fdata-sections -Wall -fstack-usage -fcyclomatic-complexity -MMD -MP -MF"Drivers/STM32F0xx_HAL_Driver/Src/stm32f0xx_hal_pwr.d" -MT"Drivers/STM32F0xx_HAL_Driver/Src/stm32f0xx_hal_pwr.o" --specs=nano.specs -mfloat-abi=soft -mthumb -o "Drivers/STM32F0xx_HAL_Driver/Src/stm32f0xx_hal_pwr.o"
arm-none-eabi-gcc "../Drivers/STM32F0xx_HAL_Driver/Src/stm32f0xx_hal_pwr_ex.c" -mcpu=cortex-m0 -std=gnu11 -g3 -DDEBUG -DUSE_HAL_DRIVER -DSTM32F051x8 -c -I../Core/Inc -I../Drivers/STM32F0xx_HAL_Driver/Inc -I../Drivers/STM32F0xx_HAL_Driver/Inc/Legacy -I../Drivers/CMSIS/Device/ST/STM32F0xx/Include -I../Drivers/CMSIS/Include -O0 -ffunction-sections -fdata-sections -Wall -fstack-usage -fcyclomatic-complexity -MMD -MP -MF"Drivers/STM32F0xx_HAL_Driver/Src/stm32f0xx_hal_pwr_ex.d" -MT"Drivers/STM32F0xx_HAL_Driver/Src/stm32f0xx_hal_pwr_ex.o" --specs=nano.specs -mfloat-abi=soft -mthumb -o "Drivers/STM32F0xx_HAL_Driver/Src/stm32f0xx_hal_pwr_ex.o"
arm-none-eabi-gcc "../Drivers/STM32F0xx_HAL_Driver/Src/stm32f0xx_hal_rcc.c" -mcpu=cortex-m0 -std=gnu11 -g3 -DDEBUG -DUSE_HAL_DRIVER -DSTM32F051x8 -c -I../Core/Inc -I../Drivers/STM32F0xx_HAL_Driver/Inc -I../Drivers/STM32F0xx_HAL_Driver/Inc/Legacy -I../Drivers/CMSIS/Device/ST/STM32F0xx/Include -I../Drivers/CMSIS/Include -O0 -ffunction-sections -fdata-sections -Wall -fstack-usage -fcyclomatic-complexity -MMD -MP -MF"Drivers/STM32F0xx_HAL_Driver/Src/stm32f0xx_hal_rcc.d" -MT"Drivers/STM32F0xx_HAL_Driver/Src/stm32f0xx_hal_rcc.o" --specs=nano.specs -mfloat-abi=soft -mthumb -o "Drivers/STM32F0xx_HAL_Driver/Src/stm32f0xx_hal_rcc.o"
arm-none-eabi-gcc "../Drivers/STM32F0xx_HAL_Driver/Src/stm32f0xx_hal_rcc_ex.c" -mcpu=cortex-m0 -std=gnu11 -g3 -DDEBUG -DUSE_HAL_DRIVER -DSTM32F051x8 -c -I../Core/Inc -I../Drivers/STM32F0xx_HAL_Driver/Inc -I../Drivers/STM32F0xx_HAL_Driver/Inc/Legacy -I../Drivers/CMSIS/Device/ST/STM32F0xx/Include -I../Drivers/CMSIS/Include -O0 -ffunction-sections -fdata-sections -Wall -fstack-usage -fcyclomatic-complexity -MMD -MP -MF"Drivers/STM32F0xx_HAL_Driver/Src/stm32f0xx_hal_rcc_ex.d" -MT"Drivers/STM32F0xx_HAL_Driver/Src/stm32f0xx_hal_rcc_ex.o" --specs=nano.specs -mfloat-abi=soft -mthumb -o "Drivers/STM32F0xx_HAL_Driver/Src/stm32f0xx_hal_rcc_ex.o"
arm-none-eabi-gcc "../Drivers/STM32F0xx_HAL_Driver/Src/stm32f0xx_hal_tim.c" -mcpu=cortex-m0 -std=gnu11 -g3 -DDEBUG -DUSE_HAL_DRIVER -DSTM32F051x8 -c -I../Core/Inc -I../Drivers/STM32F0xx_HAL_Driver/Inc -I../Drivers/STM32F0xx_HAL_Driver/Inc/Legacy -I../Drivers/CMSIS/Device/ST/STM32F0xx/Include -I../Drivers/CMSIS/Include -O0 -ffunction-sections -fdata-sections -Wall -fstack-usage -fcyclomatic-complexity -MMD -MP -MF"Drivers/STM32F0xx_HAL_Driver/Src/stm32f0xx_hal_tim.d" -MT"Drivers/STM32F0xx_HAL_Driver/Src/stm32f0xx_hal_tim.o" --specs=nano.specs -mfloat-abi=soft -mthumb -o "Drivers/STM32F0xx_HAL_Driver/Src/stm32f0xx_hal_tim.o"
arm-none-eabi-gcc "../Drivers/STM32F0xx_HAL_Driver/Src/stm32f0xx_hal_tim_ex.c" -mcpu=cortex-m0 -std=gnu11 -g3 -DDEBUG -DUSE_HAL_DRIVER -DSTM32F051x8 -c -I../Core/Inc -I../Drivers/STM32F0xx_HAL_Driver/Inc -I../Drivers/STM32F0xx_HAL_Driver/Inc/Legacy -I../Drivers/CMSIS/Device/ST/STM32F0xx/Include -I../Drivers/CMSIS/Include -O0 -ffunction-sections -fdata-sections -Wall -fstack-usage -fcyclomatic-complexity -MMD -MP -MF"Drivers/STM32F0xx_HAL_Driver/Src/stm32f0xx_hal_tim_ex.d" -MT"Drivers/STM32F0xx_HAL_Driver/Src/stm32f0xx_hal_tim_ex.o" --specs=nano.specs -mfloat-abi=soft -mthumb -o "Drivers/STM32F0xx_HAL_Driver/Src/stm32f0xx_hal_tim_ex.o"
arm-none-eabi-gcc -mcpu=cortex-m0 -g3 -DDEBUG -c -x assembler-with-cpp -MMD -MP -MF"Core/Startup/startup_stm32f051c6tx.d" -MT"Core/Startup/startup_stm32f051c6tx.o" --specs=nano.specs -mfloat-abi=soft -mthumb -o "Core/Startup/startup_stm32f051c6tx.o" "../Core/Startup/startup_stm32f051c6tx.s"
arm-none-eabi-gcc "../Core/Src/main.c" -mcpu=cortex-m0 -std=gnu11 -g3 -DDEBUG -DUSE_HAL_DRIVER -DSTM32F051x8 -c -I../Core/Inc -I../Drivers/STM32F0xx_HAL_Driver/Inc -I../Drivers/STM32F0xx_HAL_Driver/Inc/Legacy -I../Drivers/CMSIS/Device/ST/STM32F0xx/Include -I../Drivers/CMSIS/Include -O0 -ffunction-sections -fdata-sections -Wall -fstack-usage -fcyclomatic-complexity -MMD -MP -MF"Core/Src/main.d" -MT"Core/Src/main.o" --specs=nano.specs -mfloat-abi=soft -mthumb -o "Core/Src/main.o"
arm-none-eabi-gcc "../Core/Src/stm32f0xx_hal_msp.c" -mcpu=cortex-m0 -std=gnu11 -g3 -DDEBUG -DUSE_HAL_DRIVER -DSTM32F051x8 -c -I../Core/Inc -I../Drivers/STM32F0xx_HAL_Driver/Inc -I../Drivers/STM32F0xx_HAL_Driver/Inc/Legacy -I../Drivers/CMSIS/Device/ST/STM32F0xx/Include -I../Drivers/CMSIS/Include -O0 -ffunction-sections -fdata-sections -Wall -fstack-usage -fcyclomatic-complexity -MMD -MP -MF"Core/Src/stm32f0xx_hal_msp.d" -MT"Core/Src/stm32f0xx_hal_msp.o" --specs=nano.specs -mfloat-abi=soft -mthumb -o "Core/Src/stm32f0xx_hal_msp.o"
arm-none-eabi-gcc "../Core/Src/stm32f0xx_it.c" -mcpu=cortex-m0 -std=gnu11 -g3 -DDEBUG -DUSE_HAL_DRIVER -DSTM32F051x8 -c -I../Core/Inc -I../Drivers/STM32F0xx_HAL_Driver/Inc -I../Drivers/STM32F0xx_HAL_Driver/Inc/Legacy -I../Drivers/CMSIS/Device/ST/STM32F0xx/Include -I../Drivers/CMSIS/Include -O0 -ffunction-sections -fdata-sections -Wall -fstack-usage -fcyclomatic-complexity -MMD -MP -MF"Core/Src/stm32f0xx_it.d" -MT"Core/Src/stm32f0xx_it.o" --specs=nano.specs -mfloat-abi=soft -mthumb -o "Core/Src/stm32f0xx_it.o"
../Core/Src/main.c: In function 'main':
../Core/Src/main.c:100:20: warning: unused variable 'adc_value' [-Wunused-variable]
  100 |           uint16_t adc_value = read_adc();
      |                    ^~~~~~~~~
../Core/Src/main.c: In function 'read_adc':
../Core/Src/main.c:249:10: warning: implicit declaration of function 'HAL_ADC_PollConvComplete' [-Wimplicit-function-declaration]
  249 |   while (HAL_ADC_PollConvComplete(&adc, HAL_MAX_DELAY) != HAL_OK);
      |          ^~~~~~~~~~~~~~~~~~~~~~~~
../Core/Src/main.c:241:26: warning: unused variable 'sConfig' [-Wunused-variable]
  241 |   ADC_ChannelConfTypeDef sConfig;
      |                          ^~~~~~~
arm-none-eabi-gcc "../Core/Src/syscalls.c" -mcpu=cortex-m0 -std=gnu11 -g3 -DDEBUG -DUSE_HAL_DRIVER -DSTM32F051x8 -c -I../Core/Inc -I../Drivers/STM32F0xx_HAL_Driver/Inc -I../Drivers/STM32F0xx_HAL_Driver/Inc/Legacy -I../Drivers/CMSIS/Device/ST/STM32F0xx/Include -I../Drivers/CMSIS/Include -O0 -ffunction-sections -fdata-sections -Wall -fstack-usage -fcyclomatic-complexity -MMD -MP -MF"Core/Src/syscalls.d" -MT"Core/Src/syscalls.o" --specs=nano.specs -mfloat-abi=soft -mthumb -o "Core/Src/syscalls.o"
arm-none-eabi-gcc "../Core/Src/sysmem.c" -mcpu=cortex-m0 -std=gnu11 -g3 -DDEBUG -DUSE_HAL_DRIVER -DSTM32F051x8 -c -I../Core/Inc -I../Drivers/STM32F0xx_HAL_Driver/Inc -I../Drivers/STM32F0xx_HAL_Driver/Inc/Legacy -I../Drivers/CMSIS/Device/ST/STM32F0xx/Include -I../Drivers/CMSIS/Include -O0 -ffunction-sections -fdata-sections -Wall -fstack-usage -fcyclomatic-complexity -MMD -MP -MF"Core/Src/sysmem.d" -MT"Core/Src/sysmem.o" --specs=nano.specs -mfloat-abi=soft -mthumb -o "Core/Src/sysmem.o"
arm-none-eabi-gcc "../Core/Src/system_stm32f0xx.c" -mcpu=cortex-m0 -std=gnu11 -g3 -DDEBUG -DUSE_HAL_DRIVER -DSTM32F051x8 -c -I../Core/Inc -I../Drivers/STM32F0xx_HAL_Driver/Inc -I../Drivers/STM32F0xx_HAL_Driver/Inc/Legacy -I../Drivers/CMSIS/Device/ST/STM32F0xx/Include -I../Drivers/CMSIS/Include -O0 -ffunction-sections -fdata-sections -Wall -fstack-usage -fcyclomatic-complexity -MMD -MP -MF"Core/Src/system_stm32f0xx.d" -MT"Core/Src/system_stm32f0xx.o" --specs=nano.specs -mfloat-abi=soft -mthumb -o "Core/Src/system_stm32f0xx.o"
arm-none-eabi-gcc -o "stm32_code_for_test.elf" @"objects.list"   -mcpu=cortex-m0 -T"C:\Users\Zwivh\OneDrive - University of Cape Town\4th Year\EEE3088F\GIT_REPO\EEE3088F_2024_MICROMOUSE\Software\stm32_code_for_test\STM32F051C6TX_FLASH.ld" --specs=nosys.specs -Wl,-Map="stm32_code_for_test.map" -Wl,--gc-sections -static --specs=nano.specs -mfloat-abi=soft -mthumb -Wl,--start-group -lc -lm -Wl,--end-group
C:/ST/STM32CubeIDE_1.14.1/STM32CubeIDE/plugins/com.st.stm32cube.ide.mcu.externaltools.gnu-tools-for-stm32.11.3.rel1.win32_1.1.100.202309141235/tools/bin/../lib/gcc/arm-none-eabi/11.3.1/../../../../arm-none-eabi/bin/ld.exe: ./Core/Src/main.o: in function `read_adc':
C:/Users/Zwivh/OneDrive - University of Cape Town/4th Year/EEE3088F/GIT_REPO/EEE3088F_2024_MICROMOUSE/Software/stm32_code_for_test/Debug/../Core/Src/main.c:249: undefined reference to `HAL_ADC_PollConvComplete'
collect2.exe: error: ld returned 1 exit status
make: *** [makefile:64: stm32_code_for_test.elf] Error 1
"make -j4 all" terminated with exit code 2. Build might be incomplete.
11:13:53 **** Incremental Build of configuration Debug for project stm32_code_for_test ****
make -j4 all 
arm-none-eabi-gcc -o "stm32_code_for_test.elf" @"objects.list"   -mcpu=cortex-m0 -T"C:\Users\Zwivh\OneDrive - University of Cape Town\4th Year\EEE3088F\GIT_REPO\EEE3088F_2024_MICROMOUSE\Software\stm32_code_for_test\STM32F051C6TX_FLASH.ld" --specs=nosys.specs -Wl,-Map="stm32_code_for_test.map" -Wl,--gc-sections -static --specs=nano.specs -mfloat-abi=soft -mthumb -Wl,--start-group -lc -lm -Wl,--end-group
C:/ST/STM32CubeIDE_1.14.1/STM32CubeIDE/plugins/com.st.stm32cube.ide.mcu.externaltools.gnu-tools-for-stm32.11.3.rel1.win32_1.1.100.202309141235/tools/bin/../lib/gcc/arm-none-eabi/11.3.1/../../../../arm-none-eabi/bin/ld.exe: ./Core/Src/main.o: in function `read_adc':
C:/Users/Zwivh/OneDrive - University of Cape Town/4th Year/EEE3088F/GIT_REPO/EEE3088F_2024_MICROMOUSE/Software/stm32_code_for_test/Debug/../Core/Src/main.c:249: undefined reference to `HAL_ADC_PollConvComplete'
collect2.exe: error: ld returned 1 exit status
make: *** [makefile:64: stm32_code_for_test.elf] Error 1
"make -j4 all" terminated with exit code 2. Build might be incomplete.
11:15:03 **** Incremental Build of configuration Debug for project stm32_code_for_test ****
make -j4 all 
arm-none-eabi-gcc -o "stm32_code_for_test.elf" @"objects.list"   -mcpu=cortex-m0 -T"C:\Users\Zwivh\OneDrive - University of Cape Town\4th Year\EEE3088F\GIT_REPO\EEE3088F_2024_MICROMOUSE\Software\stm32_code_for_test\STM32F051C6TX_FLASH.ld" --specs=nosys.specs -Wl,-Map="stm32_code_for_test.map" -Wl,--gc-sections -static --specs=nano.specs -mfloat-abi=soft -mthumb -Wl,--start-group -lc -lm -Wl,--end-group
C:/ST/STM32CubeIDE_1.14.1/STM32CubeIDE/plugins/com.st.stm32cube.ide.mcu.externaltools.gnu-tools-for-stm32.11.3.rel1.win32_1.1.100.202309141235/tools/bin/../lib/gcc/arm-none-eabi/11.3.1/../../../../arm-none-eabi/bin/ld.exe: ./Core/Src/main.o: in function `read_adc':
C:/Users/Zwivh/OneDrive - University of Cape Town/4th Year/EEE3088F/GIT_REPO/EEE3088F_2024_MICROMOUSE/Software/stm32_code_for_test/Debug/../Core/Src/main.c:249: undefined reference to `HAL_ADC_PollConvComplete'
collect2.exe: error: ld returned 1 exit status
make: *** [makefile:64: stm32_code_for_test.elf] Error 1
"make -j4 all" terminated with exit code 2. Build might be incomplete.
11:16:50 **** Incremental Build of configuration Debug for project stm32_code_for_test ****
make -j4 all 
arm-none-eabi-gcc "../Core/Src/main.c" -mcpu=cortex-m0 -std=gnu11 -g3 -DDEBUG -DUSE_HAL_DRIVER -DSTM32F051x8 -c -I../Core/Inc -I../Drivers/STM32F0xx_HAL_Driver/Inc -I../Drivers/STM32F0xx_HAL_Driver/Inc/Legacy -I../Drivers/CMSIS/Device/ST/STM32F0xx/Include -I../Drivers/CMSIS/Include -O0 -ffunction-sections -fdata-sections -Wall -fstack-usage -fcyclomatic-complexity -MMD -MP -MF"Core/Src/main.d" -MT"Core/Src/main.o" --specs=nano.specs -mfloat-abi=soft -mthumb -o "Core/Src/main.o"
../Core/Src/main.c: In function 'main':
../Core/Src/main.c:102:20: warning: unused variable 'adc_value' [-Wunused-variable]
  102 |           uint16_t adc_value = read_adc();
      |                    ^~~~~~~~~
../Core/Src/main.c: In function 'read_adc':
../Core/Src/main.c:251:10: warning: implicit declaration of function 'HAL_ADC_PollConvComplete' [-Wimplicit-function-declaration]
  251 |   while (HAL_ADC_PollConvComplete(&adc, HAL_MAX_DELAY) != HAL_OK);
      |          ^~~~~~~~~~~~~~~~~~~~~~~~
../Core/Src/main.c:243:26: warning: unused variable 'sConfig' [-Wunused-variable]
  243 |   ADC_ChannelConfTypeDef sConfig;
      |                          ^~~~~~~
arm-none-eabi-gcc -o "stm32_code_for_test.elf" @"objects.list"   -mcpu=cortex-m0 -T"C:\Users\Zwivh\OneDrive - University of Cape Town\4th Year\EEE3088F\GIT_REPO\EEE3088F_2024_MICROMOUSE\Software\stm32_code_for_test\STM32F051C6TX_FLASH.ld" --specs=nosys.specs -Wl,-Map="stm32_code_for_test.map" -Wl,--gc-sections -static --specs=nano.specs -mfloat-abi=soft -mthumb -Wl,--start-group -lc -lm -Wl,--end-group
C:/ST/STM32CubeIDE_1.14.1/STM32CubeIDE/plugins/com.st.stm32cube.ide.mcu.externaltools.gnu-tools-for-stm32.11.3.rel1.win32_1.1.100.202309141235/tools/bin/../lib/gcc/arm-none-eabi/11.3.1/../../../../arm-none-eabi/bin/ld.exe: ./Core/Src/main.o: in function `read_adc':
C:/Users/Zwivh/OneDrive - University of Cape Town/4th Year/EEE3088F/GIT_REPO/EEE3088F_2024_MICROMOUSE/Software/stm32_code_for_test/Debug/../Core/Src/main.c:251: undefined reference to `HAL_ADC_PollConvComplete'
collect2.exe: error: ld returned 1 exit status
make: *** [makefile:64: stm32_code_for_test.elf] Error 1
"make -j4 all" terminated with exit code 2. Build might be incomplete.
11:18:53 **** Incremental Build of configuration Debug for project stm32_code_for_test ****
make -j4 all 
arm-none-eabi-gcc "../Core/Src/main.c" -mcpu=cortex-m0 -std=gnu11 -g3 -DDEBUG -DUSE_HAL_DRIVER -DSTM32F051x8 -c -I../Core/Inc -I../Drivers/STM32F0xx_HAL_Driver/Inc -I../Drivers/STM32F0xx_HAL_Driver/Inc/Legacy -I../Drivers/CMSIS/Device/ST/STM32F0xx/Include -I../Drivers/CMSIS/Include -O0 -ffunction-sections -fdata-sections -Wall -fstack-usage -fcyclomatic-complexity -MMD -MP -MF"Core/Src/main.d" -MT"Core/Src/main.o" --specs=nano.specs -mfloat-abi=soft -mthumb -o "Core/Src/main.o"
../Core/Src/main.c: In function 'main':
../Core/Src/main.c:104:20: warning: unused variable 'adc_value' [-Wunused-variable]
  104 |           uint16_t adc_value = read_adc();
      |                    ^~~~~~~~~
../Core/Src/main.c: In function 'read_adc':
../Core/Src/main.c:253:10: warning: implicit declaration of function 'HAL_ADC_PollConvComplete' [-Wimplicit-function-declaration]
  253 |   while (HAL_ADC_PollConvComplete(&adc, HAL_MAX_DELAY) != HAL_OK);
      |          ^~~~~~~~~~~~~~~~~~~~~~~~
../Core/Src/main.c:245:26: warning: unused variable 'sConfig' [-Wunused-variable]
  245 |   ADC_ChannelConfTypeDef sConfig;
      |                          ^~~~~~~
arm-none-eabi-gcc -o "stm32_code_for_test.elf" @"objects.list"   -mcpu=cortex-m0 -T"C:\Users\Zwivh\OneDrive - University of Cape Town\4th Year\EEE3088F\GIT_REPO\EEE3088F_2024_MICROMOUSE\Software\stm32_code_for_test\STM32F051C6TX_FLASH.ld" --specs=nosys.specs -Wl,-Map="stm32_code_for_test.map" -Wl,--gc-sections -static --specs=nano.specs -mfloat-abi=soft -mthumb -Wl,--start-group -lc -lm -Wl,--end-group
C:/ST/STM32CubeIDE_1.14.1/STM32CubeIDE/plugins/com.st.stm32cube.ide.mcu.externaltools.gnu-tools-for-stm32.11.3.rel1.win32_1.1.100.202309141235/tools/bin/../lib/gcc/arm-none-eabi/11.3.1/../../../../arm-none-eabi/bin/ld.exe: ./Core/Src/main.o: in function `read_adc':
C:/Users/Zwivh/OneDrive - University of Cape Town/4th Year/EEE3088F/GIT_REPO/EEE3088F_2024_MICROMOUSE/Software/stm32_code_for_test/Debug/../Core/Src/main.c:253: undefined reference to `HAL_ADC_PollConvComplete'
collect2.exe: error: ld returned 1 exit status
make: *** [makefile:64: stm32_code_for_test.elf] Error 1
"make -j4 all" terminated with exit code 2. Build might be incomplete.
11:19:29 **** Incremental Build of configuration Debug for project stm32_code_for_test ****
make -j4 all 
arm-none-eabi-gcc "../Core/Src/main.c" -mcpu=cortex-m0 -std=gnu11 -g3 -DDEBUG -DUSE_HAL_DRIVER -DSTM32F051x8 -c -I../Core/Inc -I../Drivers/STM32F0xx_HAL_Driver/Inc -I../Drivers/STM32F0xx_HAL_Driver/Inc/Legacy -I../Drivers/CMSIS/Device/ST/STM32F0xx/Include -I../Drivers/CMSIS/Include -O0 -ffunction-sections -fdata-sections -Wall -fstack-usage -fcyclomatic-complexity -MMD -MP -MF"Core/Src/main.d" -MT"Core/Src/main.o" --specs=nano.specs -mfloat-abi=soft -mthumb -o "Core/Src/main.o"
../Core/Src/main.c: In function 'main':
../Core/Src/main.c:104:20: warning: unused variable 'adc_value' [-Wunused-variable]
  104 |           uint16_t adc_value = read_adc();
      |                    ^~~~~~~~~
../Core/Src/main.c: In function 'read_adc':
../Core/Src/main.c:245:26: warning: unused variable 'sConfig' [-Wunused-variable]
  245 |   ADC_ChannelConfTypeDef sConfig;
      |                          ^~~~~~~
arm-none-eabi-gcc -o "stm32_code_for_test.elf" @"objects.list"   -mcpu=cortex-m0 -T"C:\Users\Zwivh\OneDrive - University of Cape Town\4th Year\EEE3088F\GIT_REPO\EEE3088F_2024_MICROMOUSE\Software\stm32_code_for_test\STM32F051C6TX_FLASH.ld" --specs=nosys.specs -Wl,-Map="stm32_code_for_test.map" -Wl,--gc-sections -static --specs=nano.specs -mfloat-abi=soft -mthumb -Wl,--start-group -lc -lm -Wl,--end-group
Finished building target: stm32_code_for_test.elf
 
arm-none-eabi-size  stm32_code_for_test.elf 
arm-none-eabi-objdump -h -S stm32_code_for_test.elf  > "stm32_code_for_test.list"
   text	   data	    bss	    dec	    hex	filename
   7352	     20	   1636	   9008	   2330	stm32_code_for_test.elf
Finished building: default.size.stdout
 
Finished building: stm32_code_for_test.list
 
11:21:00 **** Incremental Build of configuration Debug for project stm32_code_for_test ****
make -j4 all 
arm-none-eabi-size  stm32_code_for_test.elf 
   text	   data	    bss	    dec	    hex	filename
   7352	     20	   1636	   9008	   2330	stm32_code_for_test.elf
Finished building: default.size.stdout
 
11:21:49 **** Incremental Build of configuration Debug for project stm32_code_for_test ****
make -j4 all 
arm-none-eabi-size  stm32_code_for_test.elf 
   text	   data	    bss	    dec	    hex	filename
   7352	     20	   1636	   9008	   2330	stm32_code_for_test.elf
Finished building: default.size.stdout
 
11:27:45 **** Incremental Build of configuration Debug for project stm32_code_for_test ****
make -j4 all 
arm-none-eabi-size  stm32_code_for_test.elf 
   text	   data	    bss	    dec	    hex	filename
   7352	     20	   1636	   9008	   2330	stm32_code_for_test.elf
Finished building: default.size.stdout
 
12:02:44 **** Incremental Build of configuration Debug for project stm32_code_for_test ****
make -j4 all 
arm-none-eabi-size  stm32_code_for_test.elf 
   text	   data	    bss	    dec	    hex	filename
   7352	     20	   1636	   9008	   2330	stm32_code_for_test.elf
Finished building: default.size.stdout
 
12:02:57 **** Incremental Build of configuration Debug for project stm32_code_for_test ****
make -j4 all 
arm-none-eabi-size  stm32_code_for_test.elf 
   text	   data	    bss	    dec	    hex	filename
   7352	     20	   1636	   9008	   2330	stm32_code_for_test.elf
Finished building: default.size.stdout
 
12:03:06 **** Incremental Build of configuration Debug for project stm32_code_for_test ****
make -j4 all 
arm-none-eabi-size  stm32_code_for_test.elf 
   text	   data	    bss	    dec	    hex	filename
   7352	     20	   1636	   9008	   2330	stm32_code_for_test.elf
Finished building: default.size.stdout
 
12:03:55 **** Incremental Build of configuration Debug for project stm32_code_for_test ****
make -j4 all 
arm-none-eabi-size  stm32_code_for_test.elf 
   text	   data	    bss	    dec	    hex	filename
   7352	     20	   1636	   9008	   2330	stm32_code_for_test.elf
Finished building: default.size.stdout
 
12:04:09 **** Incremental Build of configuration Debug for project stm32_code_for_test ****
make -j4 all 
arm-none-eabi-size  stm32_code_for_test.elf 
   text	   data	    bss	    dec	    hex	filename
   7352	     20	   1636	   9008	   2330	stm32_code_for_test.elf
Finished building: default.size.stdout
 
12:04:42 **** Incremental Build of configuration Debug for project stm32_code_for_test ****
make -j4 all 
arm-none-eabi-size  stm32_code_for_test.elf 
   text	   data	    bss	    dec	    hex	filename
   7352	     20	   1636	   9008	   2330	stm32_code_for_test.elf
Finished building: default.size.stdout
 
12:05:22 **** Incremental Build of configuration Debug for project stm32_code_for_test ****
make -j4 all 
arm-none-eabi-size  stm32_code_for_test.elf 
   text	   data	    bss	    dec	    hex	filename
   7352	     20	   1636	   9008	   2330	stm32_code_for_test.elf
Finished building: default.size.stdout
 
12:21:10 **** Incremental Build of configuration Debug for project stm32_code_for_test ****
make -j4 all 
arm-none-eabi-gcc "../Core/Src/main.c" -mcpu=cortex-m0 -std=gnu11 -g3 -DDEBUG -DUSE_HAL_DRIVER -DSTM32F051x8 -c -I../Core/Inc -I../Drivers/STM32F0xx_HAL_Driver/Inc -I../Drivers/STM32F0xx_HAL_Driver/Inc/Legacy -I../Drivers/CMSIS/Device/ST/STM32F0xx/Include -I../Drivers/CMSIS/Include -O0 -ffunction-sections -fdata-sections -Wall -fstack-usage -fcyclomatic-complexity -MMD -MP -MF"Core/Src/main.d" -MT"Core/Src/main.o" --specs=nano.specs -mfloat-abi=soft -mthumb -o "Core/Src/main.o"
../Core/Src/main.c: In function 'main':
../Core/Src/main.c:111:29: warning: unused variable 'status' [-Wunused-variable]
  111 |           HAL_StatusTypeDef status;
      |                             ^~~~~~
../Core/Src/main.c:106:30: warning: unused variable 'hadcP' [-Wunused-variable]
  106 |           ADC_HandleTypeDef *hadcP = &hadc;
      |                              ^~~~~
../Core/Src/main.c:104:20: warning: unused variable 'adc_value' [-Wunused-variable]
  104 |           uint16_t adc_value = read_adc();
      |                    ^~~~~~~~~
../Core/Src/main.c: In function 'read_adc':
../Core/Src/main.c:261:26: warning: unused variable 'sConfig' [-Wunused-variable]
  261 |   ADC_ChannelConfTypeDef sConfig;
      |                          ^~~~~~~
arm-none-eabi-gcc -o "stm32_code_for_test.elf" @"objects.list"   -mcpu=cortex-m0 -T"C:\Users\Zwivh\OneDrive - University of Cape Town\4th Year\EEE3088F\GIT_REPO\EEE3088F_2024_MICROMOUSE\Software\stm32_code_for_test\STM32F051C6TX_FLASH.ld" --specs=nosys.specs -Wl,-Map="stm32_code_for_test.map" -Wl,--gc-sections -static --specs=nano.specs -mfloat-abi=soft -mthumb -Wl,--start-group -lc -lm -Wl,--end-group
Finished building target: stm32_code_for_test.elf
 
arm-none-eabi-size  stm32_code_for_test.elf 
arm-none-eabi-objdump -h -S stm32_code_for_test.elf  > "stm32_code_for_test.list"
   text	   data	    bss	    dec	    hex	filename
   7528	     20	   1636	   9184	   23e0	stm32_code_for_test.elf
Finished building: default.size.stdout
 
Finished building: stm32_code_for_test.list
 
12:21:21 **** Incremental Build of configuration Debug for project stm32_code_for_test ****
make -j4 all 
arm-none-eabi-size  stm32_code_for_test.elf 
   text	   data	    bss	    dec	    hex	filename
   7528	     20	   1636	   9184	   23e0	stm32_code_for_test.elf
Finished building: default.size.stdout
 
12:24:36 **** Incremental Build of configuration Debug for project stm32_code_for_test ****
make -j4 all 
arm-none-eabi-gcc "../Core/Src/main.c" -mcpu=cortex-m0 -std=gnu11 -g3 -DDEBUG -DUSE_HAL_DRIVER -DSTM32F051x8 -c -I../Core/Inc -I../Drivers/STM32F0xx_HAL_Driver/Inc -I../Drivers/STM32F0xx_HAL_Driver/Inc/Legacy -I../Drivers/CMSIS/Device/ST/STM32F0xx/Include -I../Drivers/CMSIS/Include -O0 -ffunction-sections -fdata-sections -Wall -fstack-usage -fcyclomatic-complexity -MMD -MP -MF"Core/Src/main.d" -MT"Core/Src/main.o" --specs=nano.specs -mfloat-abi=soft -mthumb -o "Core/Src/main.o"
../Core/Src/main.c: In function 'main':
../Core/Src/main.c:106:37: warning: initialization of 'ADC_HandleTypeDef *' {aka 'struct __ADC_HandleTypeDef *'} from incompatible pointer type 'ADC_HandleTypeDef **' {aka 'struct __ADC_HandleTypeDef **'} [-Wincompatible-pointer-types]
  106 |           ADC_HandleTypeDef *hadc = &hadc;
      |                                     ^
../Core/Src/main.c:114:40: warning: passing argument 1 of 'HAL_ADC_GetValue' from incompatible pointer type [-Wincompatible-pointer-types]
  114 |           adcValue =  HAL_ADC_GetValue(&hadc);
      |                                        ^~~~~
      |                                        |
      |                                        ADC_HandleTypeDef ** {aka struct __ADC_HandleTypeDef **}
In file included from ../Core/Inc/stm32f0xx_hal_conf.h:213,
                 from ../Drivers/STM32F0xx_HAL_Driver/Inc/stm32f0xx_hal.h:29,
                 from ../Core/Inc/main.h:30,
                 from ../Core/Src/main.c:20:
../Drivers/STM32F0xx_HAL_Driver/Inc/stm32f0xx_hal_adc.h:962:61: note: expected 'ADC_HandleTypeDef *' {aka 'struct __ADC_HandleTypeDef *'} but argument is of type 'ADC_HandleTypeDef **' {aka 'struct __ADC_HandleTypeDef **'}
  962 | uint32_t                HAL_ADC_GetValue(ADC_HandleTypeDef* hadc);
      |                                          ~~~~~~~~~~~~~~~~~~~^~~~
../Core/Src/main.c:111:29: warning: unused variable 'status' [-Wunused-variable]
  111 |           HAL_StatusTypeDef status;
      |                             ^~~~~~
../Core/Src/main.c:104:20: warning: unused variable 'adc_value' [-Wunused-variable]
  104 |           uint16_t adc_value = read_adc();
      |                    ^~~~~~~~~
../Core/Src/main.c: In function 'read_adc':
../Core/Src/main.c:261:26: warning: unused variable 'sConfig' [-Wunused-variable]
  261 |   ADC_ChannelConfTypeDef sConfig;
      |                          ^~~~~~~
arm-none-eabi-gcc -o "stm32_code_for_test.elf" @"objects.list"   -mcpu=cortex-m0 -T"C:\Users\Zwivh\OneDrive - University of Cape Town\4th Year\EEE3088F\GIT_REPO\EEE3088F_2024_MICROMOUSE\Software\stm32_code_for_test\STM32F051C6TX_FLASH.ld" --specs=nosys.specs -Wl,-Map="stm32_code_for_test.map" -Wl,--gc-sections -static --specs=nano.specs -mfloat-abi=soft -mthumb -Wl,--start-group -lc -lm -Wl,--end-group
Finished building target: stm32_code_for_test.elf
 
arm-none-eabi-size  stm32_code_for_test.elf 
arm-none-eabi-objdump -h -S stm32_code_for_test.elf  > "stm32_code_for_test.list"
   text	   data	    bss	    dec	    hex	filename
   7520	     20	   1636	   9176	   23d8	stm32_code_for_test.elf
Finished building: default.size.stdout
 
Finished building: stm32_code_for_test.list
 
12:27:00 **** Incremental Build of configuration Debug for project stm32_code_for_test ****
make -j4 all 
arm-none-eabi-gcc "../Core/Src/main.c" -mcpu=cortex-m0 -std=gnu11 -g3 -DDEBUG -DUSE_HAL_DRIVER -DSTM32F051x8 -c -I../Core/Inc -I../Drivers/STM32F0xx_HAL_Driver/Inc -I../Drivers/STM32F0xx_HAL_Driver/Inc/Legacy -I../Drivers/CMSIS/Device/ST/STM32F0xx/Include -I../Drivers/CMSIS/Include -O0 -ffunction-sections -fdata-sections -Wall -fstack-usage -fcyclomatic-complexity -MMD -MP -MF"Core/Src/main.d" -MT"Core/Src/main.o" --specs=nano.specs -mfloat-abi=soft -mthumb -o "Core/Src/main.o"
../Core/Src/main.c: In function 'main':
../Core/Src/main.c:106:68: error: 'adcValue' undeclared (first use in this function); did you mean 'adc_value'?
  106 |                                                                 if(adcValue>0){
      |                                                                    ^~~~~~~~
      |                                                                    adc_value
../Core/Src/main.c:106:68: note: each undeclared identifier is reported only once for each function it appears in
../Core/Src/main.c:104:20: warning: unused variable 'adc_value' [-Wunused-variable]
  104 |           uint16_t adc_value = read_adc();
      |                    ^~~~~~~~~
../Core/Src/main.c: In function 'read_adc':
../Core/Src/main.c:251:26: warning: unused variable 'sConfig' [-Wunused-variable]
  251 |   ADC_ChannelConfTypeDef sConfig;
      |                          ^~~~~~~
make: *** [Core/Src/subdir.mk:34: Core/Src/main.o] Error 1
"make -j4 all" terminated with exit code 2. Build might be incomplete.
12:27:10 **** Incremental Build of configuration Debug for project stm32_code_for_test ****
make -j4 all 
arm-none-eabi-gcc "../Core/Src/main.c" -mcpu=cortex-m0 -std=gnu11 -g3 -DDEBUG -DUSE_HAL_DRIVER -DSTM32F051x8 -c -I../Core/Inc -I../Drivers/STM32F0xx_HAL_Driver/Inc -I../Drivers/STM32F0xx_HAL_Driver/Inc/Legacy -I../Drivers/CMSIS/Device/ST/STM32F0xx/Include -I../Drivers/CMSIS/Include -O0 -ffunction-sections -fdata-sections -Wall -fstack-usage -fcyclomatic-complexity -MMD -MP -MF"Core/Src/main.d" -MT"Core/Src/main.o" --specs=nano.specs -mfloat-abi=soft -mthumb -o "Core/Src/main.o"
../Core/Src/main.c: In function 'main':
../Core/Src/main.c:106:68: error: 'adcValue' undeclared (first use in this function); did you mean 'adc_value'?
  106 |                                                                 if(adcValue>0){
      |                                                                    ^~~~~~~~
      |                                                                    adc_value
../Core/Src/main.c:106:68: note: each undeclared identifier is reported only once for each function it appears in
../Core/Src/main.c:104:20: warning: unused variable 'adc_value' [-Wunused-variable]
  104 |           uint16_t adc_value = read_adc();
      |                    ^~~~~~~~~
../Core/Src/main.c: In function 'read_adc':
../Core/Src/main.c:251:26: warning: unused variable 'sConfig' [-Wunused-variable]
  251 |   ADC_ChannelConfTypeDef sConfig;
      |                          ^~~~~~~
make: *** [Core/Src/subdir.mk:34: Core/Src/main.o] Error 1
"make -j4 all" terminated with exit code 2. Build might be incomplete.
12:27:21 **** Incremental Build of configuration Debug for project stm32_code_for_test ****
make -j4 all 
arm-none-eabi-gcc "../Core/Src/main.c" -mcpu=cortex-m0 -std=gnu11 -g3 -DDEBUG -DUSE_HAL_DRIVER -DSTM32F051x8 -c -I../Core/Inc -I../Drivers/STM32F0xx_HAL_Driver/Inc -I../Drivers/STM32F0xx_HAL_Driver/Inc/Legacy -I../Drivers/CMSIS/Device/ST/STM32F0xx/Include -I../Drivers/CMSIS/Include -O0 -ffunction-sections -fdata-sections -Wall -fstack-usage -fcyclomatic-complexity -MMD -MP -MF"Core/Src/main.d" -MT"Core/Src/main.o" --specs=nano.specs -mfloat-abi=soft -mthumb -o "Core/Src/main.o"
../Core/Src/main.c: In function 'main':
../Core/Src/main.c:104:20: warning: unused variable 'adc_value' [-Wunused-variable]
  104 |           uint16_t adc_value = read_adc();
      |                    ^~~~~~~~~
../Core/Src/main.c: In function 'read_adc':
../Core/Src/main.c:247:26: warning: unused variable 'sConfig' [-Wunused-variable]
  247 |   ADC_ChannelConfTypeDef sConfig;
      |                          ^~~~~~~
arm-none-eabi-gcc -o "stm32_code_for_test.elf" @"objects.list"   -mcpu=cortex-m0 -T"C:\Users\Zwivh\OneDrive - University of Cape Town\4th Year\EEE3088F\GIT_REPO\EEE3088F_2024_MICROMOUSE\Software\stm32_code_for_test\STM32F051C6TX_FLASH.ld" --specs=nosys.specs -Wl,-Map="stm32_code_for_test.map" -Wl,--gc-sections -static --specs=nano.specs -mfloat-abi=soft -mthumb -Wl,--start-group -lc -lm -Wl,--end-group
Finished building target: stm32_code_for_test.elf
 
arm-none-eabi-size  stm32_code_for_test.elf 
arm-none-eabi-objdump -h -S stm32_code_for_test.elf  > "stm32_code_for_test.list"
   text	   data	    bss	    dec	    hex	filename
   7352	     20	   1636	   9008	   2330	stm32_code_for_test.elf
Finished building: default.size.stdout
Finished building: stm32_code_for_test.list
 
 
12:27:50 **** Incremental Build of configuration Debug for project stm32_code_for_test ****
make -j4 all 
arm-none-eabi-size  stm32_code_for_test.elf 
   text	   data	    bss	    dec	    hex	filename
   7352	     20	   1636	   9008	   2330	stm32_code_for_test.elf
Finished building: default.size.stdout
 
12:28:02 **** Incremental Build of configuration Debug for project stm32_code_for_test ****
make -j4 all 
arm-none-eabi-size  stm32_code_for_test.elf 
   text	   data	    bss	    dec	    hex	filename
   7352	     20	   1636	   9008	   2330	stm32_code_for_test.elf
Finished building: default.size.stdout
 
12:37:43 **** Incremental Build of configuration Debug for project stm32_code_for_test ****
make -j4 all 
arm-none-eabi-gcc "../Core/Src/main.c" -mcpu=cortex-m0 -std=gnu11 -g3 -DDEBUG -DUSE_HAL_DRIVER -DSTM32F051x8 -c -I../Core/Inc -I../Drivers/STM32F0xx_HAL_Driver/Inc -I../Drivers/STM32F0xx_HAL_Driver/Inc/Legacy -I../Drivers/CMSIS/Device/ST/STM32F0xx/Include -I../Drivers/CMSIS/Include -O0 -ffunction-sections -fdata-sections -Wall -fstack-usage -fcyclomatic-complexity -MMD -MP -MF"Core/Src/main.d" -MT"Core/Src/main.o" --specs=nano.specs -mfloat-abi=soft -mthumb -o "Core/Src/main.o"
../Core/Src/main.c: In function 'main':
../Core/Src/main.c:106:20: warning: unused variable 'add' [-Wunused-variable]
  106 |           uint16_t add = 0;
      |                    ^~~
../Core/Src/main.c:104:20: warning: unused variable 'adc_value' [-Wunused-variable]
  104 |           uint16_t adc_value = read_adc();
      |                    ^~~~~~~~~
../Core/Src/main.c: In function 'read_adc':
../Core/Src/main.c:254:21: warning: unused variable 'status' [-Wunused-variable]
  254 |   HAL_StatusTypeDef status;
      |                     ^~~~~~
../Core/Src/main.c:252:12: warning: unused variable 'adcValue' [-Wunused-variable]
  252 |   uint16_t adcValue;
      |            ^~~~~~~~
../Core/Src/main.c:249:22: warning: unused variable 'hadcP' [-Wunused-variable]
  249 |   ADC_HandleTypeDef *hadcP = &hadc;
      |                      ^~~~~
../Core/Src/main.c:248:26: warning: unused variable 'sConfig' [-Wunused-variable]
  248 |   ADC_ChannelConfTypeDef sConfig;
      |                          ^~~~~~~
arm-none-eabi-gcc -o "stm32_code_for_test.elf" @"objects.list"   -mcpu=cortex-m0 -T"C:\Users\Zwivh\OneDrive - University of Cape Town\4th Year\EEE3088F\GIT_REPO\EEE3088F_2024_MICROMOUSE\Software\stm32_code_for_test\STM32F051C6TX_FLASH.ld" --specs=nosys.specs -Wl,-Map="stm32_code_for_test.map" -Wl,--gc-sections -static --specs=nano.specs -mfloat-abi=soft -mthumb -Wl,--start-group -lc -lm -Wl,--end-group
Finished building target: stm32_code_for_test.elf
 
arm-none-eabi-size  stm32_code_for_test.elf 
arm-none-eabi-objdump -h -S stm32_code_for_test.elf  > "stm32_code_for_test.list"
   text	   data	    bss	    dec	    hex	filename
   6848	     20	   1636	   8504	   2138	stm32_code_for_test.elf
Finished building: default.size.stdout
 
Finished building: stm32_code_for_test.list
 
01:37:21 **** Incremental Build of configuration Debug for project stm32_code_for_test ****
make -j4 all 
arm-none-eabi-size  stm32_code_for_test.elf 
   text	   data	    bss	    dec	    hex	filename
   6848	     20	   1636	   8504	   2138	stm32_code_for_test.elf
Finished building: default.size.stdout
 
01:37:48 **** Incremental Build of configuration Debug for project stm32_code_for_test ****
make -j4 all 
arm-none-eabi-size  stm32_code_for_test.elf 
   text	   data	    bss	    dec	    hex	filename
   6848	     20	   1636	   8504	   2138	stm32_code_for_test.elf
Finished building: default.size.stdout
 
01:46:21 **** Incremental Build of configuration Debug for project stm32_code_for_test ****
make -j4 all 
arm-none-eabi-gcc "../Core/Src/main.c" -mcpu=cortex-m0 -std=gnu11 -g3 -DDEBUG -DUSE_HAL_DRIVER -DSTM32F051x8 -c -I../Core/Inc -I../Drivers/STM32F0xx_HAL_Driver/Inc -I../Drivers/STM32F0xx_HAL_Driver/Inc/Legacy -I../Drivers/CMSIS/Device/ST/STM32F0xx/Include -I../Drivers/CMSIS/Include -O0 -ffunction-sections -fdata-sections -Wall -fstack-usage -fcyclomatic-complexity -MMD -MP -MF"Core/Src/main.d" -MT"Core/Src/main.o" --specs=nano.specs -mfloat-abi=soft -mthumb -o "Core/Src/main.o"
../Core/Src/main.c: In function 'main':
../Core/Src/main.c:107:20: warning: unused variable 'add' [-Wunused-variable]
  107 |           uint16_t add = 0;
      |                    ^~~
../Core/Src/main.c: In function 'read_adc':
../Core/Src/main.c:263:3: warning: implicit declaration of function 'HAL_ADC_PollConvComplete' [-Wimplicit-function-declaration]
  263 |   HAL_ADC_PollConvComplete(&adc, 20/*AL_MAX_DELAY*/) );
      |   ^~~~~~~~~~~~~~~~~~~~~~~~
../Core/Src/main.c:263:53: error: expected ';' before ')' token
  263 |   HAL_ADC_PollConvComplete(&adc, 20/*AL_MAX_DELAY*/) );
      |                                                     ^~
      |                                                     ;
../Core/Src/main.c:263:54: error: expected statement before ')' token
  263 |   HAL_ADC_PollConvComplete(&adc, 20/*AL_MAX_DELAY*/) );
      |                                                      ^
../Core/Src/main.c:252:12: warning: unused variable 'adcValue' [-Wunused-variable]
  252 |   uint16_t adcValue;
      |            ^~~~~~~~
make: *** [Core/Src/subdir.mk:34: Core/Src/main.o] Error 1
"make -j4 all" terminated with exit code 2. Build might be incomplete.
01:47:26 **** Incremental Build of configuration Debug for project stm32_code_for_test ****
make -j4 all 
arm-none-eabi-gcc "../Core/Src/main.c" -mcpu=cortex-m0 -std=gnu11 -g3 -DDEBUG -DUSE_HAL_DRIVER -DSTM32F051x8 -c -I../Core/Inc -I../Drivers/STM32F0xx_HAL_Driver/Inc -I../Drivers/STM32F0xx_HAL_Driver/Inc/Legacy -I../Drivers/CMSIS/Device/ST/STM32F0xx/Include -I../Drivers/CMSIS/Include -O0 -ffunction-sections -fdata-sections -Wall -fstack-usage -fcyclomatic-complexity -MMD -MP -MF"Core/Src/main.d" -MT"Core/Src/main.o" --specs=nano.specs -mfloat-abi=soft -mthumb -o "Core/Src/main.o"
../Core/Src/main.c: In function 'main':
../Core/Src/main.c:107:20: warning: unused variable 'add' [-Wunused-variable]
  107 |           uint16_t add = 0;
      |                    ^~~
../Core/Src/main.c: In function 'read_adc':
../Core/Src/main.c:263:3: warning: implicit declaration of function 'HAL_ADC_PollConvComplete' [-Wimplicit-function-declaration]
  263 |   HAL_ADC_PollConvComplete(&adc, 20);/*AL_MAX_DELAY*/
      |   ^~~~~~~~~~~~~~~~~~~~~~~~
../Core/Src/main.c:252:12: warning: unused variable 'adcValue' [-Wunused-variable]
  252 |   uint16_t adcValue;
      |            ^~~~~~~~
arm-none-eabi-gcc -o "stm32_code_for_test.elf" @"objects.list"   -mcpu=cortex-m0 -T"C:\Users\Zwivh\OneDrive - University of Cape Town\4th Year\EEE3088F\GIT_REPO\EEE3088F_2024_MICROMOUSE\Software\stm32_code_for_test\STM32F051C6TX_FLASH.ld" --specs=nosys.specs -Wl,-Map="stm32_code_for_test.map" -Wl,--gc-sections -static --specs=nano.specs -mfloat-abi=soft -mthumb -Wl,--start-group -lc -lm -Wl,--end-group
C:/ST/STM32CubeIDE_1.14.1/STM32CubeIDE/plugins/com.st.stm32cube.ide.mcu.externaltools.gnu-tools-for-stm32.11.3.rel1.win32_1.1.100.202309141235/tools/bin/../lib/gcc/arm-none-eabi/11.3.1/../../../../arm-none-eabi/bin/ld.exe: ./Core/Src/main.o: in function `read_adc':
C:/Users/Zwivh/OneDrive - University of Cape Town/4th Year/EEE3088F/GIT_REPO/EEE3088F_2024_MICROMOUSE/Software/stm32_code_for_test/Debug/../Core/Src/main.c:263: undefined reference to `HAL_ADC_PollConvComplete'
collect2.exe: error: ld returned 1 exit status
make: *** [makefile:64: stm32_code_for_test.elf] Error 1
"make -j4 all" terminated with exit code 2. Build might be incomplete.
01:50:13 **** Incremental Build of configuration Debug for project stm32_code_for_test ****
make -j4 all 
arm-none-eabi-gcc "../Core/Src/main.c" -mcpu=cortex-m0 -std=gnu11 -g3 -DDEBUG -DUSE_HAL_DRIVER -DSTM32F051x8 -c -I../Core/Inc -I../Drivers/STM32F0xx_HAL_Driver/Inc -I../Drivers/STM32F0xx_HAL_Driver/Inc/Legacy -I../Drivers/CMSIS/Device/ST/STM32F0xx/Include -I../Drivers/CMSIS/Include -O0 -ffunction-sections -fdata-sections -Wall -fstack-usage -fcyclomatic-complexity -MMD -MP -MF"Core/Src/main.d" -MT"Core/Src/main.o" --specs=nano.specs -mfloat-abi=soft -mthumb -o "Core/Src/main.o"
../Core/Src/main.c: In function 'main':
../Core/Src/main.c:108:20: warning: unused variable 'add' [-Wunused-variable]
  108 |           uint16_t add = 0;
      |                    ^~~
../Core/Src/main.c: In function 'read_adc':
../Core/Src/main.c:264:3: warning: implicit declaration of function 'HAL_ADC_PollConvComplete' [-Wimplicit-function-declaration]
  264 |   HAL_ADC_PollConvComplete(&adc, 20);/*AL_MAX_DELAY*/
      |   ^~~~~~~~~~~~~~~~~~~~~~~~
../Core/Src/main.c:253:12: warning: unused variable 'adcValue' [-Wunused-variable]
  253 |   uint16_t adcValue;
      |            ^~~~~~~~
arm-none-eabi-gcc -o "stm32_code_for_test.elf" @"objects.list"   -mcpu=cortex-m0 -T"C:\Users\Zwivh\OneDrive - University of Cape Town\4th Year\EEE3088F\GIT_REPO\EEE3088F_2024_MICROMOUSE\Software\stm32_code_for_test\STM32F051C6TX_FLASH.ld" --specs=nosys.specs -Wl,-Map="stm32_code_for_test.map" -Wl,--gc-sections -static --specs=nano.specs -mfloat-abi=soft -mthumb -Wl,--start-group -lc -lm -Wl,--end-group
C:/ST/STM32CubeIDE_1.14.1/STM32CubeIDE/plugins/com.st.stm32cube.ide.mcu.externaltools.gnu-tools-for-stm32.11.3.rel1.win32_1.1.100.202309141235/tools/bin/../lib/gcc/arm-none-eabi/11.3.1/../../../../arm-none-eabi/bin/ld.exe: ./Core/Src/main.o: in function `read_adc':
C:/Users/Zwivh/OneDrive - University of Cape Town/4th Year/EEE3088F/GIT_REPO/EEE3088F_2024_MICROMOUSE/Software/stm32_code_for_test/Debug/../Core/Src/main.c:264: undefined reference to `HAL_ADC_PollConvComplete'
collect2.exe: error: ld returned 1 exit status
make: *** [makefile:64: stm32_code_for_test.elf] Error 1
"make -j4 all" terminated with exit code 2. Build might be incomplete.
01:53:22 **** Incremental Build of configuration Debug for project stm32_code_for_test ****
make -j4 all 
arm-none-eabi-gcc "../Core/Src/main.c" -mcpu=cortex-m0 -std=gnu11 -g3 -DDEBUG -DUSE_HAL_DRIVER -DSTM32F051x8 -c -I../Core/Inc -I../Drivers/STM32F0xx_HAL_Driver/Inc -I../Drivers/STM32F0xx_HAL_Driver/Inc/Legacy -I../Drivers/CMSIS/Device/ST/STM32F0xx/Include -I../Drivers/CMSIS/Include -O0 -ffunction-sections -fdata-sections -Wall -fstack-usage -fcyclomatic-complexity -MMD -MP -MF"Core/Src/main.d" -MT"Core/Src/main.o" --specs=nano.specs -mfloat-abi=soft -mthumb -o "Core/Src/main.o"
../Core/Src/main.c:25:10: fatal error: stm32f4xx_hal.h: No such file or directory
   25 | #include <stm32f4xx_hal.h>
      |          ^~~~~~~~~~~~~~~~~
compilation terminated.
make: *** [Core/Src/subdir.mk:34: Core/Src/main.o] Error 1
"make -j4 all" terminated with exit code 2. Build might be incomplete.
01:54:16 **** Incremental Build of configuration Debug for project stm32_code_for_test ****
make -j4 all 
arm-none-eabi-gcc "../Core/Src/main.c" -mcpu=cortex-m0 -std=gnu11 -g3 -DDEBUG -DUSE_HAL_DRIVER -DSTM32F051x8 -c -I../Core/Inc -I../Drivers/STM32F0xx_HAL_Driver/Inc -I../Drivers/STM32F0xx_HAL_Driver/Inc/Legacy -I../Drivers/CMSIS/Device/ST/STM32F0xx/Include -I../Drivers/CMSIS/Include -O0 -ffunction-sections -fdata-sections -Wall -fstack-usage -fcyclomatic-complexity -MMD -MP -MF"Core/Src/main.d" -MT"Core/Src/main.o" --specs=nano.specs -mfloat-abi=soft -mthumb -o "Core/Src/main.o"
../Core/Src/main.c: In function 'main':
../Core/Src/main.c:108:20: warning: unused variable 'add' [-Wunused-variable]
  108 |           uint16_t add = 0;
      |                    ^~~
../Core/Src/main.c: In function 'read_adc':
../Core/Src/main.c:251:3: warning: implicit declaration of function 'HAL_ADC_PollConvComplete' [-Wimplicit-function-declaration]
  251 |   HAL_ADC_PollConvComplete(&adc, 20);/*AL_MAX_DELAY*/
      |   ^~~~~~~~~~~~~~~~~~~~~~~~
arm-none-eabi-gcc -o "stm32_code_for_test.elf" @"objects.list"   -mcpu=cortex-m0 -T"C:\Users\Zwivh\OneDrive - University of Cape Town\4th Year\EEE3088F\GIT_REPO\EEE3088F_2024_MICROMOUSE\Software\stm32_code_for_test\STM32F051C6TX_FLASH.ld" --specs=nosys.specs -Wl,-Map="stm32_code_for_test.map" -Wl,--gc-sections -static --specs=nano.specs -mfloat-abi=soft -mthumb -Wl,--start-group -lc -lm -Wl,--end-group
C:/ST/STM32CubeIDE_1.14.1/STM32CubeIDE/plugins/com.st.stm32cube.ide.mcu.externaltools.gnu-tools-for-stm32.11.3.rel1.win32_1.1.100.202309141235/tools/bin/../lib/gcc/arm-none-eabi/11.3.1/../../../../arm-none-eabi/bin/ld.exe: ./Core/Src/main.o: in function `read_adc':
C:/Users/Zwivh/OneDrive - University of Cape Town/4th Year/EEE3088F/GIT_REPO/EEE3088F_2024_MICROMOUSE/Software/stm32_code_for_test/Debug/../Core/Src/main.c:251: undefined reference to `HAL_ADC_PollConvComplete'
collect2.exe: error: ld returned 1 exit status
make: *** [makefile:64: stm32_code_for_test.elf] Error 1
"make -j4 all" terminated with exit code 2. Build might be incomplete.
01:57:11 **** Incremental Build of configuration Debug for project stm32_code_for_test ****
make -j4 all 
arm-none-eabi-gcc "../Core/Src/main.c" -mcpu=cortex-m0 -std=gnu11 -g3 -DDEBUG -DUSE_HAL_DRIVER -DSTM32F051x8 -c -I../Core/Inc -I../Drivers/STM32F0xx_HAL_Driver/Inc -I../Drivers/STM32F0xx_HAL_Driver/Inc/Legacy -I../Drivers/CMSIS/Device/ST/STM32F0xx/Include -I../Drivers/CMSIS/Include -O0 -ffunction-sections -fdata-sections -Wall -fstack-usage -fcyclomatic-complexity -MMD -MP -MF"Core/Src/main.d" -MT"Core/Src/main.o" --specs=nano.specs -mfloat-abi=soft -mthumb -o "Core/Src/main.o"
../Core/Src/main.c: In function 'main':
../Core/Src/main.c:108:20: warning: unused variable 'add' [-Wunused-variable]
  108 |           uint16_t add = 0;
      |                    ^~~
arm-none-eabi-gcc -o "stm32_code_for_test.elf" @"objects.list"   -mcpu=cortex-m0 -T"C:\Users\Zwivh\OneDrive - University of Cape Town\4th Year\EEE3088F\GIT_REPO\EEE3088F_2024_MICROMOUSE\Software\stm32_code_for_test\STM32F051C6TX_FLASH.ld" --specs=nosys.specs -Wl,-Map="stm32_code_for_test.map" -Wl,--gc-sections -static --specs=nano.specs -mfloat-abi=soft -mthumb -Wl,--start-group -lc -lm -Wl,--end-group
Finished building target: stm32_code_for_test.elf
 
arm-none-eabi-size  stm32_code_for_test.elf 
arm-none-eabi-objdump -h -S stm32_code_for_test.elf  > "stm32_code_for_test.list"
   text	   data	    bss	    dec	    hex	filename
   6832	     20	   1636	   8488	   2128	stm32_code_for_test.elf
Finished building: default.size.stdout
 
Finished building: stm32_code_for_test.list
 
01:57:28 **** Incremental Build of configuration Debug for project stm32_code_for_test ****
make -j4 all 
arm-none-eabi-size  stm32_code_for_test.elf 
   text	   data	    bss	    dec	    hex	filename
   6832	     20	   1636	   8488	   2128	stm32_code_for_test.elf
Finished building: default.size.stdout
 
02:05:24 **** Incremental Build of configuration Debug for project stm32_code_for_test ****
make -j4 all 
arm-none-eabi-gcc "../Core/Src/main.c" -mcpu=cortex-m0 -std=gnu11 -g3 -DDEBUG -DUSE_HAL_DRIVER -DSTM32F051x8 -c -I../Core/Inc -I../Drivers/STM32F0xx_HAL_Driver/Inc -I../Drivers/STM32F0xx_HAL_Driver/Inc/Legacy -I../Drivers/CMSIS/Device/ST/STM32F0xx/Include -I../Drivers/CMSIS/Include -O0 -ffunction-sections -fdata-sections -Wall -fstack-usage -fcyclomatic-complexity -MMD -MP -MF"Core/Src/main.d" -MT"Core/Src/main.o" --specs=nano.specs -mfloat-abi=soft -mthumb -o "Core/Src/main.o"
arm-none-eabi-gcc -o "stm32_code_for_test.elf" @"objects.list"   -mcpu=cortex-m0 -T"C:\Users\Zwivh\OneDrive - University of Cape Town\4th Year\EEE3088F\GIT_REPO\EEE3088F_2024_MICROMOUSE\Software\stm32_code_for_test\STM32F051C6TX_FLASH.ld" --specs=nosys.specs -Wl,-Map="stm32_code_for_test.map" -Wl,--gc-sections -static --specs=nano.specs -mfloat-abi=soft -mthumb -Wl,--start-group -lc -lm -Wl,--end-group
Finished building target: stm32_code_for_test.elf
 
arm-none-eabi-size  stm32_code_for_test.elf 
arm-none-eabi-objdump -h -S stm32_code_for_test.elf  > "stm32_code_for_test.list"
   text	   data	    bss	    dec	    hex	filename
   6308	     20	   1636	   7964	   1f1c	stm32_code_for_test.elf
Finished building: default.size.stdout
 
Finished building: stm32_code_for_test.list
 
02:06:17 **** Incremental Build of configuration Debug for project stm32_code_for_test ****
make -j4 all 
arm-none-eabi-size  stm32_code_for_test.elf 
   text	   data	    bss	    dec	    hex	filename
   6308	     20	   1636	   7964	   1f1c	stm32_code_for_test.elf
Finished building: default.size.stdout
 
02:07:47 **** Incremental Build of configuration Debug for project stm32_code_for_test ****
make -j4 all 
arm-none-eabi-size  stm32_code_for_test.elf 
   text	   data	    bss	    dec	    hex	filename
   6308	     20	   1636	   7964	   1f1c	stm32_code_for_test.elf
Finished building: default.size.stdout
 
02:08:41 **** Incremental Build of configuration Debug for project stm32_code_for_test ****
make -j4 all 
arm-none-eabi-size  stm32_code_for_test.elf 
   text	   data	    bss	    dec	    hex	filename
   6308	     20	   1636	   7964	   1f1c	stm32_code_for_test.elf
Finished building: default.size.stdout
 
02:16:46 **** Incremental Build of configuration Debug for project stm32_code_for_test ****
make -j4 all 
arm-none-eabi-gcc "../Core/Src/main.c" -mcpu=cortex-m0 -std=gnu11 -g3 -DDEBUG -DUSE_HAL_DRIVER -DSTM32F051x8 -c -I../Core/Inc -I../Drivers/STM32F0xx_HAL_Driver/Inc -I../Drivers/STM32F0xx_HAL_Driver/Inc/Legacy -I../Drivers/CMSIS/Device/ST/STM32F0xx/Include -I../Drivers/CMSIS/Include -O0 -ffunction-sections -fdata-sections -Wall -fstack-usage -fcyclomatic-complexity -MMD -MP -MF"Core/Src/main.d" -MT"Core/Src/main.o" --specs=nano.specs -mfloat-abi=soft -mthumb -o "Core/Src/main.o"
../Core/Src/main.c: In function 'MX_ADC_Init':
../Core/Src/main.c:197:3: warning: "/*" within comment [-Wcomment]
  197 |   /* USER CODE BEGIN ADC_Init 2 */
      |    
../Core/Src/main.c:161:26: warning: unused variable 'sConfig' [-Wunused-variable]
  161 |   ADC_ChannelConfTypeDef sConfig = {0};
      |                          ^~~~~~~
arm-none-eabi-gcc -o "stm32_code_for_test.elf" @"objects.list"   -mcpu=cortex-m0 -T"C:\Users\Zwivh\OneDrive - University of Cape Town\4th Year\EEE3088F\GIT_REPO\EEE3088F_2024_MICROMOUSE\Software\stm32_code_for_test\STM32F051C6TX_FLASH.ld" --specs=nosys.specs -Wl,-Map="stm32_code_for_test.map" -Wl,--gc-sections -static --specs=nano.specs -mfloat-abi=soft -mthumb -Wl,--start-group -lc -lm -Wl,--end-group
Finished building target: stm32_code_for_test.elf
 
arm-none-eabi-size  stm32_code_for_test.elf 
arm-none-eabi-objdump -h -S stm32_code_for_test.elf  > "stm32_code_for_test.list"
   text	   data	    bss	    dec	    hex	filename
   6240	     20	   1636	   7896	   1ed8	stm32_code_for_test.elf
Finished building: default.size.stdout
 
Finished building: stm32_code_for_test.list
 
02:16:55 **** Incremental Build of configuration Debug for project stm32_code_for_test ****
make -j4 all 
arm-none-eabi-size  stm32_code_for_test.elf 
   text	   data	    bss	    dec	    hex	filename
   6240	     20	   1636	   7896	   1ed8	stm32_code_for_test.elf
Finished building: default.size.stdout
 
02:17:53 **** Incremental Build of configuration Debug for project stm32_code_for_test ****
make -j4 all 
arm-none-eabi-size  stm32_code_for_test.elf 
   text	   data	    bss	    dec	    hex	filename
   6240	     20	   1636	   7896	   1ed8	stm32_code_for_test.elf
Finished building: default.size.stdout
 
02:19:21 **** Incremental Build of configuration Debug for project stm32_code_for_test ****
make -j4 all 
arm-none-eabi-size  stm32_code_for_test.elf 
   text	   data	    bss	    dec	    hex	filename
   6240	     20	   1636	   7896	   1ed8	stm32_code_for_test.elf
Finished building: default.size.stdout
 
02:20:21 **** Incremental Build of configuration Debug for project stm32_code_for_test ****
make -j4 all 
arm-none-eabi-size  stm32_code_for_test.elf 
   text	   data	    bss	    dec	    hex	filename
   6240	     20	   1636	   7896	   1ed8	stm32_code_for_test.elf
Finished building: default.size.stdout
 
02:20:48 **** Incremental Build of configuration Debug for project stm32_code_for_test ****
make -j4 all 
arm-none-eabi-size  stm32_code_for_test.elf 
   text	   data	    bss	    dec	    hex	filename
   6240	     20	   1636	   7896	   1ed8	stm32_code_for_test.elf
Finished building: default.size.stdout
 
02:21:14 **** Incremental Build of configuration Debug for project stm32_code_for_test ****
make -j4 all 
arm-none-eabi-size  stm32_code_for_test.elf 
   text	   data	    bss	    dec	    hex	filename
   6240	     20	   1636	   7896	   1ed8	stm32_code_for_test.elf
Finished building: default.size.stdout
 
02:21:51 **** Incremental Build of configuration Debug for project stm32_code_for_test ****
make -j4 all 
arm-none-eabi-size  stm32_code_for_test.elf 
   text	   data	    bss	    dec	    hex	filename
   6240	     20	   1636	   7896	   1ed8	stm32_code_for_test.elf
Finished building: default.size.stdout
 
02:23:55 **** Incremental Build of configuration Debug for project stm32_code_for_test ****
make -j4 all 
arm-none-eabi-size  stm32_code_for_test.elf 
   text	   data	    bss	    dec	    hex	filename
   6240	     20	   1636	   7896	   1ed8	stm32_code_for_test.elf
Finished building: default.size.stdout
 
02:25:45 **** Incremental Build of configuration Debug for project stm32_code_for_test ****
make -j4 all 
arm-none-eabi-gcc "../Core/Src/main.c" -mcpu=cortex-m0 -std=gnu11 -g3 -DDEBUG -DUSE_HAL_DRIVER -DSTM32F051x8 -c -I../Core/Inc -I../Drivers/STM32F0xx_HAL_Driver/Inc -I../Drivers/STM32F0xx_HAL_Driver/Inc/Legacy -I../Drivers/CMSIS/Device/ST/STM32F0xx/Include -I../Drivers/CMSIS/Include -O0 -ffunction-sections -fdata-sections -Wall -fstack-usage -fcyclomatic-complexity -MMD -MP -MF"Core/Src/main.d" -MT"Core/Src/main.o" --specs=nano.specs -mfloat-abi=soft -mthumb -o "Core/Src/main.o"
../Core/Src/main.c: In function 'main':
../Core/Src/main.c:109:19: error: 'a' undeclared (first use in this function)
  109 |                   a = 1;
      |                   ^
../Core/Src/main.c:109:19: note: each undeclared identifier is reported only once for each function it appears in
../Core/Src/main.c: In function 'MX_ADC_Init':
../Core/Src/main.c:199:3: warning: "/*" within comment [-Wcomment]
  199 |   /* USER CODE BEGIN ADC_Init 2 */
      |    
../Core/Src/main.c:163:26: warning: unused variable 'sConfig' [-Wunused-variable]
  163 |   ADC_ChannelConfTypeDef sConfig = {0};
      |                          ^~~~~~~
make: *** [Core/Src/subdir.mk:34: Core/Src/main.o] Error 1
"make -j4 all" terminated with exit code 2. Build might be incomplete.
02:28:02 **** Incremental Build of configuration Debug for project stm32_code_for_test ****
make -j4 all 
arm-none-eabi-gcc "../Core/Src/main.c" -mcpu=cortex-m0 -std=gnu11 -g3 -DDEBUG -DUSE_HAL_DRIVER -DSTM32F051x8 -c -I../Core/Inc -I../Drivers/STM32F0xx_HAL_Driver/Inc -I../Drivers/STM32F0xx_HAL_Driver/Inc/Legacy -I../Drivers/CMSIS/Device/ST/STM32F0xx/Include -I../Drivers/CMSIS/Include -O0 -ffunction-sections -fdata-sections -Wall -fstack-usage -fcyclomatic-complexity -MMD -MP -MF"Core/Src/main.d" -MT"Core/Src/main.o" --specs=nano.specs -mfloat-abi=soft -mthumb -o "Core/Src/main.o"
../Core/Src/main.c: In function 'main':
../Core/Src/main.c:108:19: warning: variable 'b' set but not used [-Wunused-but-set-variable]
  108 |           uint8_t b ;
      |                   ^
../Core/Src/main.c: In function 'MX_ADC_Init':
../Core/Src/main.c:201:3: warning: "/*" within comment [-Wcomment]
  201 |   /* USER CODE BEGIN ADC_Init 2 */
      |    
../Core/Src/main.c:165:26: warning: unused variable 'sConfig' [-Wunused-variable]
  165 |   ADC_ChannelConfTypeDef sConfig = {0};
      |                          ^~~~~~~
arm-none-eabi-gcc -o "stm32_code_for_test.elf" @"objects.list"   -mcpu=cortex-m0 -T"C:\Users\Zwivh\OneDrive - University of Cape Town\4th Year\EEE3088F\GIT_REPO\EEE3088F_2024_MICROMOUSE\Software\stm32_code_for_test\STM32F051C6TX_FLASH.ld" --specs=nosys.specs -Wl,-Map="stm32_code_for_test.map" -Wl,--gc-sections -static --specs=nano.specs -mfloat-abi=soft -mthumb -Wl,--start-group -lc -lm -Wl,--end-group
Finished building target: stm32_code_for_test.elf
 
arm-none-eabi-size  stm32_code_for_test.elf 
arm-none-eabi-objdump -h -S stm32_code_for_test.elf  > "stm32_code_for_test.list"
   text	   data	    bss	    dec	    hex	filename
   6256	     20	   1636	   7912	   1ee8	stm32_code_for_test.elf
Finished building: default.size.stdout
 
Finished building: stm32_code_for_test.list
 
02:28:54 **** Incremental Build of configuration Debug for project stm32_code_for_test ****
make -j4 all 
arm-none-eabi-size  stm32_code_for_test.elf 
   text	   data	    bss	    dec	    hex	filename
   6256	     20	   1636	   7912	   1ee8	stm32_code_for_test.elf
Finished building: default.size.stdout
 
02:30:09 **** Incremental Build of configuration Debug for project stm32_code_for_test ****
make -j4 all 
arm-none-eabi-gcc "../Core/Src/main.c" -mcpu=cortex-m0 -std=gnu11 -g3 -DDEBUG -DUSE_HAL_DRIVER -DSTM32F051x8 -c -I../Core/Inc -I../Drivers/STM32F0xx_HAL_Driver/Inc -I../Drivers/STM32F0xx_HAL_Driver/Inc/Legacy -I../Drivers/CMSIS/Device/ST/STM32F0xx/Include -I../Drivers/CMSIS/Include -O0 -ffunction-sections -fdata-sections -Wall -fstack-usage -fcyclomatic-complexity -MMD -MP -MF"Core/Src/main.d" -MT"Core/Src/main.o" --specs=nano.specs -mfloat-abi=soft -mthumb -o "Core/Src/main.o"
../Core/Src/main.c: In function 'main':
../Core/Src/main.c:108:19: warning: variable 'b' set but not used [-Wunused-but-set-variable]
  108 |           uint8_t b = 2 ;
      |                   ^
../Core/Src/main.c: In function 'MX_ADC_Init':
../Core/Src/main.c:201:3: warning: "/*" within comment [-Wcomment]
  201 |   /* USER CODE BEGIN ADC_Init 2 */
      |    
../Core/Src/main.c:165:26: warning: unused variable 'sConfig' [-Wunused-variable]
  165 |   ADC_ChannelConfTypeDef sConfig = {0};
      |                          ^~~~~~~
arm-none-eabi-gcc -o "stm32_code_for_test.elf" @"objects.list"   -mcpu=cortex-m0 -T"C:\Users\Zwivh\OneDrive - University of Cape Town\4th Year\EEE3088F\GIT_REPO\EEE3088F_2024_MICROMOUSE\Software\stm32_code_for_test\STM32F051C6TX_FLASH.ld" --specs=nosys.specs -Wl,-Map="stm32_code_for_test.map" -Wl,--gc-sections -static --specs=nano.specs -mfloat-abi=soft -mthumb -Wl,--start-group -lc -lm -Wl,--end-group
Finished building target: stm32_code_for_test.elf
 
arm-none-eabi-size  stm32_code_for_test.elf 
arm-none-eabi-objdump -h -S stm32_code_for_test.elf  > "stm32_code_for_test.list"
   text	   data	    bss	    dec	    hex	filename
   6260	     20	   1636	   7916	   1eec	stm32_code_for_test.elf
Finished building: default.size.stdout
 
Finished building: stm32_code_for_test.list
 
02:43:29 **** Incremental Build of configuration Debug for project stm32_code_for_test ****
make -j4 all 
arm-none-eabi-gcc "../Core/Src/main.c" -mcpu=cortex-m0 -std=gnu11 -g3 -DDEBUG -DUSE_HAL_DRIVER -DSTM32F051x8 -c -I../Core/Inc -I../Drivers/STM32F0xx_HAL_Driver/Inc -I../Drivers/STM32F0xx_HAL_Driver/Inc/Legacy -I../Drivers/CMSIS/Device/ST/STM32F0xx/Include -I../Drivers/CMSIS/Include -O0 -ffunction-sections -fdata-sections -Wall -fstack-usage -fcyclomatic-complexity -MMD -MP -MF"Core/Src/main.d" -MT"Core/Src/main.o" --specs=nano.specs -mfloat-abi=soft -mthumb -o "Core/Src/main.o"
arm-none-eabi-gcc "../Core/Src/stm32f0xx_hal_msp.c" -mcpu=cortex-m0 -std=gnu11 -g3 -DDEBUG -DUSE_HAL_DRIVER -DSTM32F051x8 -c -I../Core/Inc -I../Drivers/STM32F0xx_HAL_Driver/Inc -I../Drivers/STM32F0xx_HAL_Driver/Inc/Legacy -I../Drivers/CMSIS/Device/ST/STM32F0xx/Include -I../Drivers/CMSIS/Include -O0 -ffunction-sections -fdata-sections -Wall -fstack-usage -fcyclomatic-complexity -MMD -MP -MF"Core/Src/stm32f0xx_hal_msp.d" -MT"Core/Src/stm32f0xx_hal_msp.o" --specs=nano.specs -mfloat-abi=soft -mthumb -o "Core/Src/stm32f0xx_hal_msp.o"
arm-none-eabi-gcc -o "stm32_code_for_test.elf" @"objects.list"   -mcpu=cortex-m0 -T"C:\Users\Zwivh\OneDrive - University of Cape Town\4th Year\EEE3088F\GIT_REPO\EEE3088F_2024_MICROMOUSE\Software\stm32_code_for_test\STM32F051C6TX_FLASH.ld" --specs=nosys.specs -Wl,-Map="stm32_code_for_test.map" -Wl,--gc-sections -static --specs=nano.specs -mfloat-abi=soft -mthumb -Wl,--start-group -lc -lm -Wl,--end-group
Finished building target: stm32_code_for_test.elf
 
arm-none-eabi-size  stm32_code_for_test.elf 
arm-none-eabi-objdump -h -S stm32_code_for_test.elf  > "stm32_code_for_test.list"
   text	   data	    bss	    dec	    hex	filename
   6848	     20	   1636	   8504	   2138	stm32_code_for_test.elf
Finished building: default.size.stdout
 
Finished building: stm32_code_for_test.list
 
02:44:54 **** Incremental Build of configuration Debug for project stm32_code_for_test ****
make -j4 all 
arm-none-eabi-size  stm32_code_for_test.elf 
   text	   data	    bss	    dec	    hex	filename
   6848	     20	   1636	   8504	   2138	stm32_code_for_test.elf
Finished building: default.size.stdout
 
02:45:07 **** Incremental Build of configuration Debug for project stm32_code_for_test ****
make -j4 all 
arm-none-eabi-size  stm32_code_for_test.elf 
   text	   data	    bss	    dec	    hex	filename
   6848	     20	   1636	   8504	   2138	stm32_code_for_test.elf
Finished building: default.size.stdout
 
02:45:41 **** Incremental Build of configuration Debug for project stm32_code_for_test ****
make -j4 all 
arm-none-eabi-gcc "../Core/Src/main.c" -mcpu=cortex-m0 -std=gnu11 -g3 -DDEBUG -DUSE_HAL_DRIVER -DSTM32F051x8 -c -I../Core/Inc -I../Drivers/STM32F0xx_HAL_Driver/Inc -I../Drivers/STM32F0xx_HAL_Driver/Inc/Legacy -I../Drivers/CMSIS/Device/ST/STM32F0xx/Include -I../Drivers/CMSIS/Include -O0 -ffunction-sections -fdata-sections -Wall -fstack-usage -fcyclomatic-complexity -MMD -MP -MF"Core/Src/main.d" -MT"Core/Src/main.o" --specs=nano.specs -mfloat-abi=soft -mthumb -o "Core/Src/main.o"
../Core/Src/main.c: In function 'main':
../Core/Src/main.c:111:11: warning: implicit declaration of function 'HAL_DELAY'; did you mean 'HAL_Delay'? [-Wimplicit-function-declaration]
  111 |           HAL_DELAY(100);
      |           ^~~~~~~~~
      |           HAL_Delay
arm-none-eabi-gcc -o "stm32_code_for_test.elf" @"objects.list"   -mcpu=cortex-m0 -T"C:\Users\Zwivh\OneDrive - University of Cape Town\4th Year\EEE3088F\GIT_REPO\EEE3088F_2024_MICROMOUSE\Software\stm32_code_for_test\STM32F051C6TX_FLASH.ld" --specs=nosys.specs -Wl,-Map="stm32_code_for_test.map" -Wl,--gc-sections -static --specs=nano.specs -mfloat-abi=soft -mthumb -Wl,--start-group -lc -lm -Wl,--end-group
C:/ST/STM32CubeIDE_1.14.1/STM32CubeIDE/plugins/com.st.stm32cube.ide.mcu.externaltools.gnu-tools-for-stm32.11.3.rel1.win32_1.1.100.202309141235/tools/bin/../lib/gcc/arm-none-eabi/11.3.1/../../../../arm-none-eabi/bin/ld.exe: ./Core/Src/main.o: in function `main':
C:/Users/Zwivh/OneDrive - University of Cape Town/4th Year/EEE3088F/GIT_REPO/EEE3088F_2024_MICROMOUSE/Software/stm32_code_for_test/Debug/../Core/Src/main.c:111: undefined reference to `HAL_DELAY'
collect2.exe: error: ld returned 1 exit status
make: *** [makefile:64: stm32_code_for_test.elf] Error 1
"make -j4 all" terminated with exit code 2. Build might be incomplete.
02:46:10 **** Incremental Build of configuration Debug for project stm32_code_for_test ****
make -j4 all 
arm-none-eabi-gcc "../Core/Src/main.c" -mcpu=cortex-m0 -std=gnu11 -g3 -DDEBUG -DUSE_HAL_DRIVER -DSTM32F051x8 -c -I../Core/Inc -I../Drivers/STM32F0xx_HAL_Driver/Inc -I../Drivers/STM32F0xx_HAL_Driver/Inc/Legacy -I../Drivers/CMSIS/Device/ST/STM32F0xx/Include -I../Drivers/CMSIS/Include -O0 -ffunction-sections -fdata-sections -Wall -fstack-usage -fcyclomatic-complexity -MMD -MP -MF"Core/Src/main.d" -MT"Core/Src/main.o" --specs=nano.specs -mfloat-abi=soft -mthumb -o "Core/Src/main.o"
arm-none-eabi-gcc -o "stm32_code_for_test.elf" @"objects.list"   -mcpu=cortex-m0 -T"C:\Users\Zwivh\OneDrive - University of Cape Town\4th Year\EEE3088F\GIT_REPO\EEE3088F_2024_MICROMOUSE\Software\stm32_code_for_test\STM32F051C6TX_FLASH.ld" --specs=nosys.specs -Wl,-Map="stm32_code_for_test.map" -Wl,--gc-sections -static --specs=nano.specs -mfloat-abi=soft -mthumb -Wl,--start-group -lc -lm -Wl,--end-group
Finished building target: stm32_code_for_test.elf
 
arm-none-eabi-size  stm32_code_for_test.elf 
arm-none-eabi-objdump -h -S stm32_code_for_test.elf  > "stm32_code_for_test.list"
   text	   data	    bss	    dec	    hex	filename
   6924	     20	   1636	   8580	   2184	stm32_code_for_test.elf
Finished building: default.size.stdout
 
Finished building: stm32_code_for_test.list
 
02:46:46 **** Incremental Build of configuration Debug for project stm32_code_for_test ****
make -j4 all 
arm-none-eabi-gcc "../Core/Src/main.c" -mcpu=cortex-m0 -std=gnu11 -g3 -DDEBUG -DUSE_HAL_DRIVER -DSTM32F051x8 -c -I../Core/Inc -I../Drivers/STM32F0xx_HAL_Driver/Inc -I../Drivers/STM32F0xx_HAL_Driver/Inc/Legacy -I../Drivers/CMSIS/Device/ST/STM32F0xx/Include -I../Drivers/CMSIS/Include -O0 -ffunction-sections -fdata-sections -Wall -fstack-usage -fcyclomatic-complexity -MMD -MP -MF"Core/Src/main.d" -MT"Core/Src/main.o" --specs=nano.specs -mfloat-abi=soft -mthumb -o "Core/Src/main.o"
arm-none-eabi-gcc -o "stm32_code_for_test.elf" @"objects.list"   -mcpu=cortex-m0 -T"C:\Users\Zwivh\OneDrive - University of Cape Town\4th Year\EEE3088F\GIT_REPO\EEE3088F_2024_MICROMOUSE\Software\stm32_code_for_test\STM32F051C6TX_FLASH.ld" --specs=nosys.specs -Wl,-Map="stm32_code_for_test.map" -Wl,--gc-sections -static --specs=nano.specs -mfloat-abi=soft -mthumb -Wl,--start-group -lc -lm -Wl,--end-group
Finished building target: stm32_code_for_test.elf
 
arm-none-eabi-size  stm32_code_for_test.elf 
arm-none-eabi-objdump -h -S stm32_code_for_test.elf  > "stm32_code_for_test.list"
   text	   data	    bss	    dec	    hex	filename
   6928	     20	   1636	   8584	   2188	stm32_code_for_test.elf
Finished building: default.size.stdout
 
Finished building: stm32_code_for_test.list
 
02:48:20 **** Incremental Build of configuration Debug for project stm32_code_for_test ****
make -j4 all 
arm-none-eabi-size  stm32_code_for_test.elf 
   text	   data	    bss	    dec	    hex	filename
   6928	     20	   1636	   8584	   2188	stm32_code_for_test.elf
Finished building: default.size.stdout
 
02:53:39 **** Incremental Build of configuration Debug for project stm32_code_for_test ****
make -j4 all 
arm-none-eabi-size  stm32_code_for_test.elf 
   text	   data	    bss	    dec	    hex	filename
   6928	     20	   1636	   8584	   2188	stm32_code_for_test.elf
Finished building: default.size.stdout
 
02:53:53 **** Incremental Build of configuration Debug for project stm32_code_for_test ****
make -j4 all 
arm-none-eabi-size  stm32_code_for_test.elf 
   text	   data	    bss	    dec	    hex	filename
   6928	     20	   1636	   8584	   2188	stm32_code_for_test.elf
Finished building: default.size.stdout
 
02:54:10 **** Incremental Build of configuration Debug for project stm32_code_for_test ****
make -j4 all 
arm-none-eabi-size  stm32_code_for_test.elf 
   text	   data	    bss	    dec	    hex	filename
   6928	     20	   1636	   8584	   2188	stm32_code_for_test.elf
Finished building: default.size.stdout
 
02:56:06 **** Incremental Build of configuration Debug for project stm32_code_for_test ****
make -j4 all 
arm-none-eabi-size  stm32_code_for_test.elf 
   text	   data	    bss	    dec	    hex	filename
   6928	     20	   1636	   8584	   2188	stm32_code_for_test.elf
Finished building: default.size.stdout
 
02:56:23 **** Incremental Build of configuration Debug for project stm32_code_for_test ****
make -j4 all 
arm-none-eabi-size  stm32_code_for_test.elf 
   text	   data	    bss	    dec	    hex	filename
   6928	     20	   1636	   8584	   2188	stm32_code_for_test.elf
Finished building: default.size.stdout
 
03:12:45 **** Incremental Build of configuration Debug for project stm32_code_for_test ****
make -j4 all 
arm-none-eabi-size  stm32_code_for_test.elf 
   text	   data	    bss	    dec	    hex	filename
   6928	     20	   1636	   8584	   2188	stm32_code_for_test.elf
Finished building: default.size.stdout
 
03:12:59 **** Incremental Build of configuration Debug for project stm32_code_for_test ****
make -j4 all 
arm-none-eabi-size  stm32_code_for_test.elf 
   text	   data	    bss	    dec	    hex	filename
   6928	     20	   1636	   8584	   2188	stm32_code_for_test.elf
Finished building: default.size.stdout
 
03:13:06 **** Incremental Build of configuration Debug for project stm32_code_for_test ****
make -j4 all 
arm-none-eabi-size  stm32_code_for_test.elf 
   text	   data	    bss	    dec	    hex	filename
   6928	     20	   1636	   8584	   2188	stm32_code_for_test.elf
Finished building: default.size.stdout
 
03:13:14 **** Incremental Build of configuration Debug for project stm32_code_for_test ****
make -j4 all 
arm-none-eabi-size  stm32_code_for_test.elf 
   text	   data	    bss	    dec	    hex	filename
   6928	     20	   1636	   8584	   2188	stm32_code_for_test.elf
Finished building: default.size.stdout
 
03:13:22 **** Incremental Build of configuration Debug for project stm32_code_for_test ****
make -j4 all 
arm-none-eabi-size  stm32_code_for_test.elf 
   text	   data	    bss	    dec	    hex	filename
   6928	     20	   1636	   8584	   2188	stm32_code_for_test.elf
Finished building: default.size.stdout
 
03:13:29 **** Incremental Build of configuration Debug for project stm32_code_for_test ****
make -j4 all 
arm-none-eabi-size  stm32_code_for_test.elf 
   text	   data	    bss	    dec	    hex	filename
   6928	     20	   1636	   8584	   2188	stm32_code_for_test.elf
Finished building: default.size.stdout
 
03:21:23 **** Incremental Build of configuration Debug for project stm32_code_for_test ****
make -j4 all 
arm-none-eabi-gcc "../Core/Src/main.c" -mcpu=cortex-m0 -std=gnu11 -g3 -DDEBUG -DUSE_HAL_DRIVER -DSTM32F051x8 -c -I../Core/Inc -I../Drivers/STM32F0xx_HAL_Driver/Inc -I../Drivers/STM32F0xx_HAL_Driver/Inc/Legacy -I../Drivers/CMSIS/Device/ST/STM32F0xx/Include -I../Drivers/CMSIS/Include -O0 -ffunction-sections -fdata-sections -Wall -fstack-usage -fcyclomatic-complexity -MMD -MP -MF"Core/Src/main.d" -MT"Core/Src/main.o" --specs=nano.specs -mfloat-abi=soft -mthumb -o "Core/Src/main.o"
../Core/Src/main.c: In function 'main':
../Core/Src/main.c:109:11: warning: implicit declaration of function 'adc_set_channel' [-Wimplicit-function-declaration]
  109 |           adc_set_channel(channel);
      |           ^~~~~~~~~~~~~~~
../Core/Src/main.c:109:27: error: 'channel' undeclared (first use in this function)
  109 |           adc_set_channel(channel);
      |                           ^~~~~~~
../Core/Src/main.c:109:27: note: each undeclared identifier is reported only once for each function it appears in
../Core/Src/main.c:115:35: error: 'LED7_GPIO_Port' undeclared (first use in this function)
  115 |                 HAL_GPIO_WritePin(LED7_GPIO_Port,LED7_Pin,SET);
      |                                   ^~~~~~~~~~~~~~
../Core/Src/main.c:115:50: error: 'LED7_Pin' undeclared (first use in this function)
  115 |                 HAL_GPIO_WritePin(LED7_GPIO_Port,LED7_Pin,SET);
      |                                                  ^~~~~~~~
../Core/Src/main.c:121:33: error: 'LED0_GPIO_Port' undeclared (first use in this function)
  121 |               HAL_GPIO_WritePin(LED0_GPIO_Port,LED0_Pin,SET);
      |                                 ^~~~~~~~~~~~~~
../Core/Src/main.c:121:48: error: 'LED0_Pin' undeclared (first use in this function)
  121 |               HAL_GPIO_WritePin(LED0_GPIO_Port,LED0_Pin,SET);
      |                                                ^~~~~~~~
../Core/Src/main.c: At top level:
../Core/Src/main.c:131:1: error: expected identifier or '(' before '}' token
  131 | }
      | ^
make: *** [Core/Src/subdir.mk:34: Core/Src/main.o] Error 1
"make -j4 all" terminated with exit code 2. Build might be incomplete.
03:21:48 **** Incremental Build of configuration Debug for project stm32_code_for_test ****
make -j4 all 
arm-none-eabi-gcc "../Core/Src/main.c" -mcpu=cortex-m0 -std=gnu11 -g3 -DDEBUG -DUSE_HAL_DRIVER -DSTM32F051x8 -c -I../Core/Inc -I../Drivers/STM32F0xx_HAL_Driver/Inc -I../Drivers/STM32F0xx_HAL_Driver/Inc/Legacy -I../Drivers/CMSIS/Device/ST/STM32F0xx/Include -I../Drivers/CMSIS/Include -O0 -ffunction-sections -fdata-sections -Wall -fstack-usage -fcyclomatic-complexity -MMD -MP -MF"Core/Src/main.d" -MT"Core/Src/main.o" --specs=nano.specs -mfloat-abi=soft -mthumb -o "Core/Src/main.o"
../Core/Src/main.c: In function 'main':
../Core/Src/main.c:159:13: error: invalid storage class for function 'MX_ADC_Init'
  159 | static void MX_ADC_Init(void)
      |             ^~~~~~~~~~~
../Core/Src/main.c:221:13: error: invalid storage class for function 'MX_GPIO_Init'
  221 | static void MX_GPIO_Init(void)
      |             ^~~~~~~~~~~~
../Core/Src/main.c:284:1: error: expected declaration or statement at end of input
  284 | }
      | ^
../Core/Src/main.c: At top level:
../Core/Src/main.c:58:13: warning: 'MX_GPIO_Init' used but never defined
   58 | static void MX_GPIO_Init(void);
      |             ^~~~~~~~~~~~
../Core/Src/main.c:59:13: warning: 'MX_ADC_Init' used but never defined
   59 | static void MX_ADC_Init(void);
      |             ^~~~~~~~~~~
../Core/Src/main.c:275:6: warning: 'Error_Handler' defined but not used [-Wunused-function]
  275 | void Error_Handler(void)
      |      ^~~~~~~~~~~~~
../Core/Src/main.c:256:10: warning: 'read_adc' defined but not used [-Wunused-function]
  256 | uint16_t read_adc(void) {
      |          ^~~~~~~~
[...]
arm-none-eabi-gcc "../Drivers/STM32F0xx_HAL_Driver/Src/stm32f0xx_hal_rcc_ex.c" -mcpu=cortex-m0 -std=gnu11 -g3 -DDEBUG -DUSE_HAL_DRIVER -DSTM32F051x8 -c -I../Core/Inc -I../Drivers/STM32F0xx_HAL_Driver/Inc -I../Drivers/STM32F0xx_HAL_Driver/Inc/Legacy -I../Drivers/CMSIS/Device/ST/STM32F0xx/Include -I../Drivers/CMSIS/Include -O0 -ffunction-sections -fdata-sections -Wall -fstack-usage -fcyclomatic-complexity -MMD -MP -MF"Drivers/STM32F0xx_HAL_Driver/Src/stm32f0xx_hal_rcc_ex.d" -MT"Drivers/STM32F0xx_HAL_Driver/Src/stm32f0xx_hal_rcc_ex.o" --specs=nano.specs -mfloat-abi=soft -mthumb -o "Drivers/STM32F0xx_HAL_Driver/Src/stm32f0xx_hal_rcc_ex.o"
arm-none-eabi-gcc "../Drivers/STM32F0xx_HAL_Driver/Src/stm32f0xx_hal_tim.c" -mcpu=cortex-m0 -std=gnu11 -g3 -DDEBUG -DUSE_HAL_DRIVER -DSTM32F051x8 -c -I../Core/Inc -I../Drivers/STM32F0xx_HAL_Driver/Inc -I../Drivers/STM32F0xx_HAL_Driver/Inc/Legacy -I../Drivers/CMSIS/Device/ST/STM32F0xx/Include -I../Drivers/CMSIS/Include -O0 -ffunction-sections -fdata-sections -Wall -fstack-usage -fcyclomatic-complexity -MMD -MP -MF"Drivers/STM32F0xx_HAL_Driver/Src/stm32f0xx_hal_tim.d" -MT"Drivers/STM32F0xx_HAL_Driver/Src/stm32f0xx_hal_tim.o" --specs=nano.specs -mfloat-abi=soft -mthumb -o "Drivers/STM32F0xx_HAL_Driver/Src/stm32f0xx_hal_tim.o"
arm-none-eabi-gcc "../Drivers/STM32F0xx_HAL_Driver/Src/stm32f0xx_hal_tim_ex.c" -mcpu=cortex-m0 -std=gnu11 -g3 -DDEBUG -DUSE_HAL_DRIVER -DSTM32F051x8 -c -I../Core/Inc -I../Drivers/STM32F0xx_HAL_Driver/Inc -I../Drivers/STM32F0xx_HAL_Driver/Inc/Legacy -I../Drivers/CMSIS/Device/ST/STM32F0xx/Include -I../Drivers/CMSIS/Include -O0 -ffunction-sections -fdata-sections -Wall -fstack-usage -fcyclomatic-complexity -MMD -MP -MF"Drivers/STM32F0xx_HAL_Driver/Src/stm32f0xx_hal_tim_ex.d" -MT"Drivers/STM32F0xx_HAL_Driver/Src/stm32f0xx_hal_tim_ex.o" --specs=nano.specs -mfloat-abi=soft -mthumb -o "Drivers/STM32F0xx_HAL_Driver/Src/stm32f0xx_hal_tim_ex.o"
arm-none-eabi-gcc "../Core/Src/lcd_stm32f0.c" -mcpu=cortex-m0 -std=gnu11 -g3 -DDEBUG -DUSE_HAL_DRIVER -DSTM32F051x8 -c -I../Core/Inc -I../Drivers/STM32F0xx_HAL_Driver/Inc -I../Drivers/STM32F0xx_HAL_Driver/Inc/Legacy -I../Drivers/CMSIS/Device/ST/STM32F0xx/Include -I../Drivers/CMSIS/Include -O0 -ffunction-sections -fdata-sections -Wall -fstack-usage -fcyclomatic-complexity -MMD -MP -MF"Core/Src/lcd_stm32f0.d" -MT"Core/Src/lcd_stm32f0.o" --specs=nano.specs -mfloat-abi=soft -mthumb -o "Core/Src/lcd_stm32f0.o"
arm-none-eabi-gcc "../Core/Src/main.c" -mcpu=cortex-m0 -std=gnu11 -g3 -DDEBUG -DUSE_HAL_DRIVER -DSTM32F051x8 -c -I../Core/Inc -I../Drivers/STM32F0xx_HAL_Driver/Inc -I../Drivers/STM32F0xx_HAL_Driver/Inc/Legacy -I../Drivers/CMSIS/Device/ST/STM32F0xx/Include -I../Drivers/CMSIS/Include -O0 -ffunction-sections -fdata-sections -Wall -fstack-usage -fcyclomatic-complexity -MMD -MP -MF"Core/Src/main.d" -MT"Core/Src/main.o" --specs=nano.specs -mfloat-abi=soft -mthumb -o "Core/Src/main.o"
arm-none-eabi-gcc "../Core/Src/stm32f0xx_hal_msp.c" -mcpu=cortex-m0 -std=gnu11 -g3 -DDEBUG -DUSE_HAL_DRIVER -DSTM32F051x8 -c -I../Core/Inc -I../Drivers/STM32F0xx_HAL_Driver/Inc -I../Drivers/STM32F0xx_HAL_Driver/Inc/Legacy -I../Drivers/CMSIS/Device/ST/STM32F0xx/Include -I../Drivers/CMSIS/Include -O0 -ffunction-sections -fdata-sections -Wall -fstack-usage -fcyclomatic-complexity -MMD -MP -MF"Core/Src/stm32f0xx_hal_msp.d" -MT"Core/Src/stm32f0xx_hal_msp.o" --specs=nano.specs -mfloat-abi=soft -mthumb -o "Core/Src/stm32f0xx_hal_msp.o"
arm-none-eabi-gcc "../Core/Src/stm32f0xx_it.c" -mcpu=cortex-m0 -std=gnu11 -g3 -DDEBUG -DUSE_HAL_DRIVER -DSTM32F051x8 -c -I../Core/Inc -I../Drivers/STM32F0xx_HAL_Driver/Inc -I../Drivers/STM32F0xx_HAL_Driver/Inc/Legacy -I../Drivers/CMSIS/Device/ST/STM32F0xx/Include -I../Drivers/CMSIS/Include -O0 -ffunction-sections -fdata-sections -Wall -fstack-usage -fcyclomatic-complexity -MMD -MP -MF"Core/Src/stm32f0xx_it.d" -MT"Core/Src/stm32f0xx_it.o" --specs=nano.specs -mfloat-abi=soft -mthumb -o "Core/Src/stm32f0xx_it.o"
arm-none-eabi-gcc "../Core/Src/syscalls.c" -mcpu=cortex-m0 -std=gnu11 -g3 -DDEBUG -DUSE_HAL_DRIVER -DSTM32F051x8 -c -I../Core/Inc -I../Drivers/STM32F0xx_HAL_Driver/Inc -I../Drivers/STM32F0xx_HAL_Driver/Inc/Legacy -I../Drivers/CMSIS/Device/ST/STM32F0xx/Include -I../Drivers/CMSIS/Include -O0 -ffunction-sections -fdata-sections -Wall -fstack-usage -fcyclomatic-complexity -MMD -MP -MF"Core/Src/syscalls.d" -MT"Core/Src/syscalls.o" --specs=nano.specs -mfloat-abi=soft -mthumb -o "Core/Src/syscalls.o"
arm-none-eabi-gcc "../Core/Src/sysmem.c" -mcpu=cortex-m0 -std=gnu11 -g3 -DDEBUG -DUSE_HAL_DRIVER -DSTM32F051x8 -c -I../Core/Inc -I../Drivers/STM32F0xx_HAL_Driver/Inc -I../Drivers/STM32F0xx_HAL_Driver/Inc/Legacy -I../Drivers/CMSIS/Device/ST/STM32F0xx/Include -I../Drivers/CMSIS/Include -O0 -ffunction-sections -fdata-sections -Wall -fstack-usage -fcyclomatic-complexity -MMD -MP -MF"Core/Src/sysmem.d" -MT"Core/Src/sysmem.o" --specs=nano.specs -mfloat-abi=soft -mthumb -o "Core/Src/sysmem.o"
arm-none-eabi-gcc "../Core/Src/system_stm32f0xx.c" -mcpu=cortex-m0 -std=gnu11 -g3 -DDEBUG -DUSE_HAL_DRIVER -DSTM32F051x8 -c -I../Core/Inc -I../Drivers/STM32F0xx_HAL_Driver/Inc -I../Drivers/STM32F0xx_HAL_Driver/Inc/Legacy -I../Drivers/CMSIS/Device/ST/STM32F0xx/Include -I../Drivers/CMSIS/Include -O0 -ffunction-sections -fdata-sections -Wall -fstack-usage -fcyclomatic-complexity -MMD -MP -MF"Core/Src/system_stm32f0xx.d" -MT"Core/Src/system_stm32f0xx.o" --specs=nano.specs -mfloat-abi=soft -mthumb -o "Core/Src/system_stm32f0xx.o"
arm-none-eabi-gcc -o "code_test.elf" @"objects.list"   -mcpu=cortex-m0 -T"C:\Users\Zwivh\OneDrive - University of Cape Town\4th Year\EEE3088F\GIT_REPO\EEE3088F_2024_MICROMOUSE\Software\code_test\STM32F051C6TX_FLASH.ld" --specs=nosys.specs -Wl,-Map="code_test.map" -Wl,--gc-sections -static --specs=nano.specs -mfloat-abi=soft -mthumb -Wl,--start-group -lc -lm -Wl,--end-group
Finished building target: code_test.elf
 
arm-none-eabi-size  code_test.elf 
arm-none-eabi-objdump -h -S code_test.elf  > "code_test.list"
   text	   data	    bss	    dec	    hex	filename
   8716	     20	   1644	  10380	   288c	code_test.elf
Finished building: default.size.stdout
 
Finished building: code_test.list
 
11:09:47 **** Incremental Build of configuration Debug for project code_test ****
make -j4 all 
arm-none-eabi-size  code_test.elf 
   text	   data	    bss	    dec	    hex	filename
   8716	     20	   1644	  10380	   288c	code_test.elf
Finished building: default.size.stdout
 
13:01:19 **** Incremental Build of configuration Debug for project code_test ****
make -j4 all 
arm-none-eabi-gcc "../Core/Src/main.c" -mcpu=cortex-m0 -std=gnu11 -g3 -DDEBUG -DUSE_HAL_DRIVER -DSTM32F051x8 -c -I../Core/Inc -I../Drivers/STM32F0xx_HAL_Driver/Inc -I../Drivers/STM32F0xx_HAL_Driver/Inc/Legacy -I../Drivers/CMSIS/Device/ST/STM32F0xx/Include -I../Drivers/CMSIS/Include -O0 -ffunction-sections -fdata-sections -Wall -fstack-usage -fcyclomatic-complexity -MMD -MP -MF"Core/Src/main.d" -MT"Core/Src/main.o" --specs=nano.specs -mfloat-abi=soft -mthumb -o "Core/Src/main.o"
../Core/Src/main.c: In function 'main':
../Core/Src/main.c:189:25: warning: implicit declaration of function 'delay_ms' [-Wimplicit-function-declaration]
  189 |                         delay_ms(100);
      |                         ^~~~~~~~
arm-none-eabi-gcc -o "code_test.elf" @"objects.list"   -mcpu=cortex-m0 -T"C:\Users\Zwivh\OneDrive - University of Cape Town\4th Year\EEE3088F\GIT_REPO\EEE3088F_2024_MICROMOUSE\Software\code_test\STM32F051C6TX_FLASH.ld" --specs=nosys.specs -Wl,-Map="code_test.map" -Wl,--gc-sections -static --specs=nano.specs -mfloat-abi=soft -mthumb -Wl,--start-group -lc -lm -Wl,--end-group
C:/ST/STM32CubeIDE_1.14.1/STM32CubeIDE/plugins/com.st.stm32cube.ide.mcu.externaltools.gnu-tools-for-stm32.11.3.rel1.win32_1.1.100.202309141235/tools/bin/../lib/gcc/arm-none-eabi/11.3.1/../../../../arm-none-eabi/bin/ld.exe: ./Core/Src/main.o: in function `main':
C:/Users/Zwivh/OneDrive - University of Cape Town/4th Year/EEE3088F/GIT_REPO/EEE3088F_2024_MICROMOUSE/Software/code_test/Debug/../Core/Src/main.c:189: undefined reference to `delay_ms'
C:/ST/STM32CubeIDE_1.14.1/STM32CubeIDE/plugins/com.st.stm32cube.ide.mcu.externaltools.gnu-tools-for-stm32.11.3.rel1.win32_1.1.100.202309141235/tools/bin/../lib/gcc/arm-none-eabi/11.3.1/../../../../arm-none-eabi/bin/ld.exe: C:/Users/Zwivh/OneDrive - University of Cape Town/4th Year/EEE3088F/GIT_REPO/EEE3088F_2024_MICROMOUSE/Software/code_test/Debug/../Core/Src/main.c:193: undefined reference to `delay_ms'
C:/ST/STM32CubeIDE_1.14.1/STM32CubeIDE/plugins/com.st.stm32cube.ide.mcu.externaltools.gnu-tools-for-stm32.11.3.rel1.win32_1.1.100.202309141235/tools/bin/../lib/gcc/arm-none-eabi/11.3.1/../../../../arm-none-eabi/bin/ld.exe: C:/Users/Zwivh/OneDrive - University of Cape Town/4th Year/EEE3088F/GIT_REPO/EEE3088F_2024_MICROMOUSE/Software/code_test/Debug/../Core/Src/main.c:197: undefined reference to `delay_ms'
collect2.exe: error: ld returned 1 exit status
make: *** [makefile:64: code_test.elf] Error 1
"make -j4 all" terminated with exit code 2. Build might be incomplete.
13:02:07 **** Incremental Build of configuration Debug for project code_test ****
make -j4 all 
arm-none-eabi-gcc "../Core/Src/main.c" -mcpu=cortex-m0 -std=gnu11 -g3 -DDEBUG -DUSE_HAL_DRIVER -DSTM32F051x8 -c -I../Core/Inc -I../Drivers/STM32F0xx_HAL_Driver/Inc -I../Drivers/STM32F0xx_HAL_Driver/Inc/Legacy -I../Drivers/CMSIS/Device/ST/STM32F0xx/Include -I../Drivers/CMSIS/Include -O0 -ffunction-sections -fdata-sections -Wall -fstack-usage -fcyclomatic-complexity -MMD -MP -MF"Core/Src/main.d" -MT"Core/Src/main.o" --specs=nano.specs -mfloat-abi=soft -mthumb -o "Core/Src/main.o"
../Core/Src/main.c: In function 'main':
../Core/Src/main.c:189:40: error: expected ')' before ';' token
  189 |                         HAL_Delay((100);
      |                                  ~     ^
      |                                        )
../Core/Src/main.c:198:88: error: expected ';' before '}' token
  198 |                         HAL_GPIO_WritePin(EMITTER3_PORT, EMITTER3_PIN, GPIO_PIN_RESET);
      |                                                                                        ^
      |                                                                                        ;
......
  219 |   }
      |   ~                                                                                     
make: *** [Core/Src/subdir.mk:37: Core/Src/main.o] Error 1
"make -j4 all" terminated with exit code 2. Build might be incomplete.
13:06:03 **** Incremental Build of configuration Debug for project code_test ****
make -j4 all 
arm-none-eabi-gcc "../Core/Src/main.c" -mcpu=cortex-m0 -std=gnu11 -g3 -DDEBUG -DUSE_HAL_DRIVER -DSTM32F051x8 -c -I../Core/Inc -I../Drivers/STM32F0xx_HAL_Driver/Inc -I../Drivers/STM32F0xx_HAL_Driver/Inc/Legacy -I../Drivers/CMSIS/Device/ST/STM32F0xx/Include -I../Drivers/CMSIS/Include -O0 -ffunction-sections -fdata-sections -Wall -fstack-usage -fcyclomatic-complexity -MMD -MP -MF"Core/Src/main.d" -MT"Core/Src/main.o" --specs=nano.specs -mfloat-abi=soft -mthumb -o "Core/Src/main.o"
../Core/Src/main.c: In function 'main':
../Core/Src/main.c:189:25: warning: implicit declaration of function 'delay_ms' [-Wimplicit-function-declaration]
  189 |                         delay_ms(100);
      |                         ^~~~~~~~
arm-none-eabi-gcc -o "code_test.elf" @"objects.list"   -mcpu=cortex-m0 -T"C:\Users\Zwivh\OneDrive - University of Cape Town\4th Year\EEE3088F\GIT_REPO\EEE3088F_2024_MICROMOUSE\Software\code_test\STM32F051C6TX_FLASH.ld" --specs=nosys.specs -Wl,-Map="code_test.map" -Wl,--gc-sections -static --specs=nano.specs -mfloat-abi=soft -mthumb -Wl,--start-group -lc -lm -Wl,--end-group
C:/ST/STM32CubeIDE_1.14.1/STM32CubeIDE/plugins/com.st.stm32cube.ide.mcu.externaltools.gnu-tools-for-stm32.11.3.rel1.win32_1.1.100.202309141235/tools/bin/../lib/gcc/arm-none-eabi/11.3.1/../../../../arm-none-eabi/bin/ld.exe: ./Core/Src/main.o: in function `main':
C:/Users/Zwivh/OneDrive - University of Cape Town/4th Year/EEE3088F/GIT_REPO/EEE3088F_2024_MICROMOUSE/Software/code_test/Debug/../Core/Src/main.c:189: undefined reference to `delay_ms'
C:/ST/STM32CubeIDE_1.14.1/STM32CubeIDE/plugins/com.st.stm32cube.ide.mcu.externaltools.gnu-tools-for-stm32.11.3.rel1.win32_1.1.100.202309141235/tools/bin/../lib/gcc/arm-none-eabi/11.3.1/../../../../arm-none-eabi/bin/ld.exe: C:/Users/Zwivh/OneDrive - University of Cape Town/4th Year/EEE3088F/GIT_REPO/EEE3088F_2024_MICROMOUSE/Software/code_test/Debug/../Core/Src/main.c:193: undefined reference to `delay_ms'
C:/ST/STM32CubeIDE_1.14.1/STM32CubeIDE/plugins/com.st.stm32cube.ide.mcu.externaltools.gnu-tools-for-stm32.11.3.rel1.win32_1.1.100.202309141235/tools/bin/../lib/gcc/arm-none-eabi/11.3.1/../../../../arm-none-eabi/bin/ld.exe: C:/Users/Zwivh/OneDrive - University of Cape Town/4th Year/EEE3088F/GIT_REPO/EEE3088F_2024_MICROMOUSE/Software/code_test/Debug/../Core/Src/main.c:197: undefined reference to `delay_ms'
collect2.exe: error: ld returned 1 exit status
make: *** [makefile:64: code_test.elf] Error 1
"make -j4 all" terminated with exit code 2. Build might be incomplete.
13:11:09 **** Incremental Build of configuration Debug for project code_test ****
make -j4 all 
arm-none-eabi-gcc "../Core/Src/main.c" -mcpu=cortex-m0 -std=gnu11 -g3 -DDEBUG -DUSE_HAL_DRIVER -DSTM32F051x8 -c -I../Core/Inc -I../Drivers/STM32F0xx_HAL_Driver/Inc -I../Drivers/STM32F0xx_HAL_Driver/Inc/Legacy -I../Drivers/CMSIS/Device/ST/STM32F0xx/Include -I../Drivers/CMSIS/Include -O0 -ffunction-sections -fdata-sections -Wall -fstack-usage -fcyclomatic-complexity -MMD -MP -MF"Core/Src/main.d" -MT"Core/Src/main.o" --specs=nano.specs -mfloat-abi=soft -mthumb -o "Core/Src/main.o"
../Core/Src/main.c: In function 'main':
../Core/Src/main.c:189:25: warning: implicit declaration of function 'delay_ms' [-Wimplicit-function-declaration]
  189 |                         delay_ms(100);
      |                         ^~~~~~~~
arm-none-eabi-gcc -o "code_test.elf" @"objects.list"   -mcpu=cortex-m0 -T"C:\Users\Zwivh\OneDrive - University of Cape Town\4th Year\EEE3088F\GIT_REPO\EEE3088F_2024_MICROMOUSE\Software\code_test\STM32F051C6TX_FLASH.ld" --specs=nosys.specs -Wl,-Map="code_test.map" -Wl,--gc-sections -static --specs=nano.specs -mfloat-abi=soft -mthumb -Wl,--start-group -lc -lm -Wl,--end-group
C:/ST/STM32CubeIDE_1.14.1/STM32CubeIDE/plugins/com.st.stm32cube.ide.mcu.externaltools.gnu-tools-for-stm32.11.3.rel1.win32_1.1.100.202309141235/tools/bin/../lib/gcc/arm-none-eabi/11.3.1/../../../../arm-none-eabi/bin/ld.exe: ./Core/Src/main.o: in function `main':
C:/Users/Zwivh/OneDrive - University of Cape Town/4th Year/EEE3088F/GIT_REPO/EEE3088F_2024_MICROMOUSE/Software/code_test/Debug/../Core/Src/main.c:189: undefined reference to `delay_ms'
C:/ST/STM32CubeIDE_1.14.1/STM32CubeIDE/plugins/com.st.stm32cube.ide.mcu.externaltools.gnu-tools-for-stm32.11.3.rel1.win32_1.1.100.202309141235/tools/bin/../lib/gcc/arm-none-eabi/11.3.1/../../../../arm-none-eabi/bin/ld.exe: C:/Users/Zwivh/OneDrive - University of Cape Town/4th Year/EEE3088F/GIT_REPO/EEE3088F_2024_MICROMOUSE/Software/code_test/Debug/../Core/Src/main.c:193: undefined reference to `delay_ms'
C:/ST/STM32CubeIDE_1.14.1/STM32CubeIDE/plugins/com.st.stm32cube.ide.mcu.externaltools.gnu-tools-for-stm32.11.3.rel1.win32_1.1.100.202309141235/tools/bin/../lib/gcc/arm-none-eabi/11.3.1/../../../../arm-none-eabi/bin/ld.exe: C:/Users/Zwivh/OneDrive - University of Cape Town/4th Year/EEE3088F/GIT_REPO/EEE3088F_2024_MICROMOUSE/Software/code_test/Debug/../Core/Src/main.c:197: undefined reference to `delay_ms'
collect2.exe: error: ld returned 1 exit status
make: *** [makefile:64: code_test.elf] Error 1
"make -j4 all" terminated with exit code 2. Build might be incomplete.
13:14:31 **** Incremental Build of configuration Debug for project code_test ****
make -j4 all 
arm-none-eabi-gcc "../Core/Src/main.c" -mcpu=cortex-m0 -std=gnu11 -g3 -DDEBUG -DUSE_HAL_DRIVER -DSTM32F051x8 -c -I../Core/Inc -I../Drivers/STM32F0xx_HAL_Driver/Inc -I../Drivers/STM32F0xx_HAL_Driver/Inc/Legacy -I../Drivers/CMSIS/Device/ST/STM32F0xx/Include -I../Drivers/CMSIS/Include -O0 -ffunction-sections -fdata-sections -Wall -fstack-usage -fcyclomatic-complexity -MMD -MP -MF"Core/Src/main.d" -MT"Core/Src/main.o" --specs=nano.specs -mfloat-abi=soft -mthumb -o "Core/Src/main.o"
arm-none-eabi-gcc -o "code_test.elf" @"objects.list"   -mcpu=cortex-m0 -T"C:\Users\Zwivh\OneDrive - University of Cape Town\4th Year\EEE3088F\GIT_REPO\EEE3088F_2024_MICROMOUSE\Software\code_test\STM32F051C6TX_FLASH.ld" --specs=nosys.specs -Wl,-Map="code_test.map" -Wl,--gc-sections -static --specs=nano.specs -mfloat-abi=soft -mthumb -Wl,--start-group -lc -lm -Wl,--end-group
Finished building target: code_test.elf
 
arm-none-eabi-size  code_test.elf 
arm-none-eabi-objdump -h -S code_test.elf  > "code_test.list"
   text	   data	    bss	    dec	    hex	filename
   8860	     20	   1644	  10524	   291c	code_test.elf
Finished building: default.size.stdout
 
Finished building: code_test.list
 
13:20:16 **** Incremental Build of configuration Debug for project code_test ****
make -j4 all 
arm-none-eabi-gcc "../Core/Src/main.c" -mcpu=cortex-m0 -std=gnu11 -g3 -DDEBUG -DUSE_HAL_DRIVER -DSTM32F051x8 -c -I../Core/Inc -I../Drivers/STM32F0xx_HAL_Driver/Inc -I../Drivers/STM32F0xx_HAL_Driver/Inc/Legacy -I../Drivers/CMSIS/Device/ST/STM32F0xx/Include -I../Drivers/CMSIS/Include -O0 -ffunction-sections -fdata-sections -Wall -fstack-usage -fcyclomatic-complexity -MMD -MP -MF"Core/Src/main.d" -MT"Core/Src/main.o" --specs=nano.specs -mfloat-abi=soft -mthumb -o "Core/Src/main.o"
arm-none-eabi-gcc -o "code_test.elf" @"objects.list"   -mcpu=cortex-m0 -T"C:\Users\Zwivh\OneDrive - University of Cape Town\4th Year\EEE3088F\GIT_REPO\EEE3088F_2024_MICROMOUSE\Software\code_test\STM32F051C6TX_FLASH.ld" --specs=nosys.specs -Wl,-Map="code_test.map" -Wl,--gc-sections -static --specs=nano.specs -mfloat-abi=soft -mthumb -Wl,--start-group -lc -lm -Wl,--end-group
Finished building target: code_test.elf
 
arm-none-eabi-size  code_test.elf 
arm-none-eabi-objdump -h -S code_test.elf  > "code_test.list"
   text	   data	    bss	    dec	    hex	filename
   8860	     20	   1644	  10524	   291c	code_test.elf
Finished building: default.size.stdout
 
Finished building: code_test.list
 
13:24:35 **** Incremental Build of configuration Debug for project code_test ****
make -j4 all 
arm-none-eabi-gcc "../Core/Src/main.c" -mcpu=cortex-m0 -std=gnu11 -g3 -DDEBUG -DUSE_HAL_DRIVER -DSTM32F051x8 -c -I../Core/Inc -I../Drivers/STM32F0xx_HAL_Driver/Inc -I../Drivers/STM32F0xx_HAL_Driver/Inc/Legacy -I../Drivers/CMSIS/Device/ST/STM32F0xx/Include -I../Drivers/CMSIS/Include -O0 -ffunction-sections -fdata-sections -Wall -fstack-usage -fcyclomatic-complexity -MMD -MP -MF"Core/Src/main.d" -MT"Core/Src/main.o" --specs=nano.specs -mfloat-abi=soft -mthumb -o "Core/Src/main.o"
arm-none-eabi-gcc -o "code_test.elf" @"objects.list"   -mcpu=cortex-m0 -T"C:\Users\Zwivh\OneDrive - University of Cape Town\4th Year\EEE3088F\GIT_REPO\EEE3088F_2024_MICROMOUSE\Software\code_test\STM32F051C6TX_FLASH.ld" --specs=nosys.specs -Wl,-Map="code_test.map" -Wl,--gc-sections -static --specs=nano.specs -mfloat-abi=soft -mthumb -Wl,--start-group -lc -lm -Wl,--end-group
Finished building target: code_test.elf
 
arm-none-eabi-size  code_test.elf 
arm-none-eabi-objdump -h -S code_test.elf  > "code_test.list"
   text	   data	    bss	    dec	    hex	filename
   8860	     20	   1644	  10524	   291c	code_test.elf
Finished building: default.size.stdout
 
Finished building: code_test.list
 
13:58:51 **** Incremental Build of configuration Debug for project code_test ****
make -j4 all 
arm-none-eabi-size  code_test.elf 
   text	   data	    bss	    dec	    hex	filename
   8860	     20	   1644	  10524	   291c	code_test.elf
Finished building: default.size.stdout
 
